[15:26:29] [Server thread/INFO]: Starting minecraft server version 1.12.2
[15:26:29] [Server thread/INFO]: Loading properties
[15:26:29] [Server thread/INFO]: Default game type: SURVIVAL
[15:26:29] [Server thread/INFO]: This server is running CraftBukkit version git-Spigot-79a30d7-f4830a1 (MC: 1.12.2) (Implementing API version 1.12.2-R0.1-SNAPSHOT)
[15:26:29] [Server thread/INFO]: Server Ping Player Sample Count: 12
[15:26:29] [Server thread/INFO]: Using 4 threads for Netty based IO
[15:26:29] [Server thread/INFO]: Debug logging is disabled
[15:26:29] [Server thread/INFO]: Generating keypair
[15:26:29] [Server thread/INFO]: Starting Minecraft server on *:25565
[15:26:29] [Server thread/INFO]: Using epoll channel type
[15:26:29] [Server thread/ERROR]: Could not load 'plugins/Heroes.jar' in folder 'plugins'
org.bukkit.plugin.InvalidDescriptionException: Invalid plugin.yml
	at org.bukkit.plugin.java.JavaPluginLoader.getPluginDescription(JavaPluginLoader.java:152) ~[spigot-1.12.2.jar:git-Spigot-79a30d7-f4830a1]
	at org.bukkit.plugin.SimplePluginManager.loadPlugins(SimplePluginManager.java:133) [spigot-1.12.2.jar:git-Spigot-79a30d7-f4830a1]
	at org.bukkit.craftbukkit.v1_12_R1.CraftServer.loadPlugins(CraftServer.java:305) [spigot-1.12.2.jar:git-Spigot-79a30d7-f4830a1]
	at net.minecraft.server.v1_12_R1.DedicatedServer.init(DedicatedServer.java:205) [spigot-1.12.2.jar:git-Spigot-79a30d7-f4830a1]
	at net.minecraft.server.v1_12_R1.MinecraftServer.run(MinecraftServer.java:545) [spigot-1.12.2.jar:git-Spigot-79a30d7-f4830a1]
	at java.lang.Thread.run(Thread.java:750) [?:1.8.0_472]
Caused by: java.io.FileNotFoundException: Jar does not contain plugin.yml
	... 6 more
[15:26:29] [Server thread/ERROR]: Ambiguous plugin name `Vault' for files `plugins/Vault.jar' and `plugins/Vault-1.7.1.jar' in `plugins'
[15:26:29] [Server thread/INFO]: Set PluginClassLoader as parallel capable
[15:26:29] [Server thread/INFO]: [WorldEdit] Loading WorldEdit v6.1.9;caf0ad9
[15:26:29] [Server thread/INFO]: [PermissionsEx] Loading PermissionsEx v1.23.4
[15:26:29] [Server thread/INFO]: [SimplyVanish] Loading SimplyVanish v1.3.0
[15:26:29] [Server thread/INFO]: [mcMMO] Loading mcMMO v1.5.10-SNAPSHOT
[15:26:29] [Server thread/INFO]: [Vault] Loading Vault v1.7.3-b131
[15:26:29] [Server thread/INFO]: [WorldGuard] Loading WorldGuard v6.2.2-SNAPSHOT;8eeab68
[15:26:29] [Server thread/INFO]: [SimpleClans] Loading SimpleClans v2.16.2-51f82ba
[15:26:29] [Server thread/INFO]: [BannerMaker] Loading BannerMaker v1.7.0
[15:26:29] [Server thread/INFO]: [Citizens] Loading Citizens v2.0.22-SNAPSHOT (build 1552)
[15:26:29] [Server thread/INFO]: [PlayEffect] Loading PlayEffect v0.5.4
[15:26:29] [Server thread/INFO]: [Kom] Loading Kom v5
[15:26:29] [Server thread/INFO]: [MythicMobs] Loading MythicMobs v4.4.1
[15:26:29] [Server thread/INFO]: [Quests] Loading Quests v2.9.7-b${env.BUILD_NUMBER}
[15:26:29] [Server thread/INFO]: [mcMMO] Enabling mcMMO v1.5.10-SNAPSHOT
[15:26:29] [Server thread/WARN]: [mcMMO] Invalid material: POTION_POISON
[15:26:29] [Server thread/WARN]: [mcMMO] Potion format for Treasures.yml has changed
[15:26:29] [Server thread/WARN]: [mcMMO] Invalid material: POTION_INSTANT_HEAL
[15:26:29] [Server thread/WARN]: [mcMMO] Potion format for Treasures.yml has changed
[15:26:29] [Server thread/WARN]: [mcMMO] Invalid material: POTION_FIRE_RESISTANCE
[15:26:29] [Server thread/WARN]: [mcMMO] Potion format for Treasures.yml has changed
[15:26:29] [Server thread/WARN]: [mcMMO] Invalid material: POTION_SPEED
[15:26:29] [Server thread/WARN]: [mcMMO] Potion format for Treasures.yml has changed
[15:26:30] [Server thread/INFO]: [Vault] Enabling Vault v1.7.3-b131
[15:26:30] [Server thread/INFO]: [Vault] [Permission] PermissionsEx found: Waiting
[15:26:30] [Server thread/INFO]: [Vault] [Permission] SuperPermissions loaded as backup permission system.
[15:26:30] [Server thread/INFO]: [Vault] [Chat] PermissionsEx found: Waiting
[15:26:30] [Server thread/INFO]: [Vault] Enabled Version 1.7.3-b131
[15:26:30] [Server thread/INFO]: **** Beginning UUID conversion, this may take A LONG time ****
[15:26:30] [Server thread/INFO]: Preparing level "world"
[15:26:30] [Server thread/INFO]: -------- World Settings For [world] --------
[15:26:30] [Server thread/INFO]: Mob Spawn Range: 4
[15:26:30] [Server thread/INFO]: Entity Activation Range: An 32 / Mo 32 / Mi 16 / Tiv true
[15:26:30] [Server thread/INFO]: Entity Tracking Range: Pl 48 / An 48 / Mo 48 / Mi 32 / Other 64
[15:26:30] [Server thread/INFO]: Hopper Transfer: 8 Hopper Check: 1 Hopper Amount: 1
[15:26:30] [Server thread/INFO]: Random Lighting Updates: false
[15:26:30] [Server thread/INFO]: Structure Info Saving: true
[15:26:30] [Server thread/INFO]: Custom Map Seeds:  Village: 10387312 Feature: 14357617 Monument: 10387313 Slime: 987234911
[15:26:30] [Server thread/INFO]: Max TNT Explosions: 100
[15:26:30] [Server thread/INFO]: Tile Max Tick Time: 50ms Entity max Tick Time: 50ms
[15:26:30] [Server thread/INFO]: Cactus Growth Modifier: 100%
[15:26:30] [Server thread/INFO]: Cane Growth Modifier: 100%
[15:26:30] [Server thread/INFO]: Melon Growth Modifier: 100%
[15:26:30] [Server thread/INFO]: Mushroom Growth Modifier: 100%
[15:26:30] [Server thread/INFO]: Pumpkin Growth Modifier: 100%
[15:26:30] [Server thread/INFO]: Sapling Growth Modifier: 100%
[15:26:30] [Server thread/INFO]: Wheat Growth Modifier: 100%
[15:26:30] [Server thread/INFO]: NetherWart Growth Modifier: 100%
[15:26:30] [Server thread/INFO]: Vine Growth Modifier: 100%
[15:26:30] [Server thread/INFO]: Cocoa Growth Modifier: 100%
[15:26:30] [Server thread/INFO]: Item Merge Radius: 2.5
[15:26:30] [Server thread/INFO]: Item Despawn Rate: 6000
[15:26:30] [Server thread/INFO]: Arrow Despawn Rate: 1200
[15:26:30] [Server thread/INFO]: Allow Zombie Pigmen to spawn from portal blocks: true
[15:26:30] [Server thread/INFO]: View Distance: 10
[15:26:30] [Server thread/INFO]: Experience Merge Radius: 3.0
[15:26:30] [Server thread/INFO]: Zombie Aggressive Towards Villager: true
[15:26:30] [Server thread/INFO]: Nerfing mobs spawned from spawners: false
[15:26:30] [Server thread/INFO]: -------- World Settings For [world_nether] --------
[15:26:30] [Server thread/INFO]: Mob Spawn Range: 4
[15:26:30] [Server thread/INFO]: Entity Activation Range: An 32 / Mo 32 / Mi 16 / Tiv true
[15:26:30] [Server thread/INFO]: Entity Tracking Range: Pl 48 / An 48 / Mo 48 / Mi 32 / Other 64
[15:26:30] [Server thread/INFO]: Hopper Transfer: 8 Hopper Check: 1 Hopper Amount: 1
[15:26:30] [Server thread/INFO]: Random Lighting Updates: false
[15:26:30] [Server thread/INFO]: Structure Info Saving: true
[15:26:30] [Server thread/INFO]: Custom Map Seeds:  Village: 10387312 Feature: 14357617 Monument: 10387313 Slime: 987234911
[15:26:30] [Server thread/INFO]: Max TNT Explosions: 100
[15:26:30] [Server thread/INFO]: Tile Max Tick Time: 50ms Entity max Tick Time: 50ms
[15:26:30] [Server thread/INFO]: Cactus Growth Modifier: 100%
[15:26:30] [Server thread/INFO]: Cane Growth Modifier: 100%
[15:26:30] [Server thread/INFO]: Melon Growth Modifier: 100%
[15:26:30] [Server thread/INFO]: Mushroom Growth Modifier: 100%
[15:26:30] [Server thread/INFO]: Pumpkin Growth Modifier: 100%
[15:26:30] [Server thread/INFO]: Sapling Growth Modifier: 100%
[15:26:30] [Server thread/INFO]: Wheat Growth Modifier: 100%
[15:26:30] [Server thread/INFO]: NetherWart Growth Modifier: 100%
[15:26:30] [Server thread/INFO]: Vine Growth Modifier: 100%
[15:26:30] [Server thread/INFO]: Cocoa Growth Modifier: 100%
[15:26:30] [Server thread/INFO]: Item Merge Radius: 2.5
[15:26:30] [Server thread/INFO]: Item Despawn Rate: 6000
[15:26:30] [Server thread/INFO]: Arrow Despawn Rate: 1200
[15:26:30] [Server thread/INFO]: Allow Zombie Pigmen to spawn from portal blocks: true
[15:26:30] [Server thread/INFO]: View Distance: 10
[15:26:30] [Server thread/INFO]: Experience Merge Radius: 3.0
[15:26:30] [Server thread/INFO]: Zombie Aggressive Towards Villager: true
[15:26:30] [Server thread/INFO]: Nerfing mobs spawned from spawners: false
[15:26:30] [Server thread/INFO]: -------- World Settings For [world_the_end] --------
[15:26:30] [Server thread/INFO]: Mob Spawn Range: 4
[15:26:30] [Server thread/INFO]: Entity Activation Range: An 32 / Mo 32 / Mi 16 / Tiv true
[15:26:30] [Server thread/INFO]: Entity Tracking Range: Pl 48 / An 48 / Mo 48 / Mi 32 / Other 64
[15:26:30] [Server thread/INFO]: Hopper Transfer: 8 Hopper Check: 1 Hopper Amount: 1
[15:26:30] [Server thread/INFO]: Random Lighting Updates: false
[15:26:30] [Server thread/INFO]: Structure Info Saving: true
[15:26:30] [Server thread/INFO]: Custom Map Seeds:  Village: 10387312 Feature: 14357617 Monument: 10387313 Slime: 987234911
[15:26:30] [Server thread/INFO]: Max TNT Explosions: 100
[15:26:30] [Server thread/INFO]: Tile Max Tick Time: 50ms Entity max Tick Time: 50ms
[15:26:30] [Server thread/INFO]: Cactus Growth Modifier: 100%
[15:26:30] [Server thread/INFO]: Cane Growth Modifier: 100%
[15:26:30] [Server thread/INFO]: Melon Growth Modifier: 100%
[15:26:30] [Server thread/INFO]: Mushroom Growth Modifier: 100%
[15:26:30] [Server thread/INFO]: Pumpkin Growth Modifier: 100%
[15:26:30] [Server thread/INFO]: Sapling Growth Modifier: 100%
[15:26:30] [Server thread/INFO]: Wheat Growth Modifier: 100%
[15:26:30] [Server thread/INFO]: NetherWart Growth Modifier: 100%
[15:26:30] [Server thread/INFO]: Vine Growth Modifier: 100%
[15:26:30] [Server thread/INFO]: Cocoa Growth Modifier: 100%
[15:26:30] [Server thread/INFO]: Item Merge Radius: 2.5
[15:26:30] [Server thread/INFO]: Item Despawn Rate: 6000
[15:26:30] [Server thread/INFO]: Arrow Despawn Rate: 1200
[15:26:30] [Server thread/INFO]: Allow Zombie Pigmen to spawn from portal blocks: true
[15:26:30] [Server thread/INFO]: View Distance: 10
[15:26:30] [Server thread/INFO]: Experience Merge Radius: 3.0
[15:26:30] [Server thread/INFO]: Zombie Aggressive Towards Villager: true
[15:26:30] [Server thread/INFO]: Nerfing mobs spawned from spawners: false
[15:26:30] [Server thread/INFO]: Preparing start region for level 0 (Seed: 1441238688828313967)
[15:26:32] [Server thread/INFO]: Preparing spawn area: 0%
[15:26:33] [Server thread/INFO]: Preparing spawn area: 96%
[15:26:33] [Server thread/INFO]: Preparing start region for level 1 (Seed: 1441238688828313967)
[15:26:34] [Server thread/INFO]: Preparing spawn area: 2%
[15:26:36] [Server thread/INFO]: Preparing spawn area: 50%
[15:26:36] [Server thread/INFO]: Preparing start region for level 2 (Seed: 1441238688828313967)
[15:26:37] [Server thread/INFO]: Preparing spawn area: 2%
[15:26:38] [Server thread/INFO]: Preparing spawn area: 50%
[15:26:38] [Server thread/INFO]: [WorldEdit] Enabling WorldEdit v6.1.9;caf0ad9
[15:26:39] [Server thread/INFO]: WEPIF: Using the Bukkit Permissions API.
[15:26:39] [Server thread/INFO]: [WorldEdit] Using com.sk89q.worldedit.bukkit.adapter.impl.Spigot_v1_12_R2 as the Bukkit adapter
[15:26:39] [Server thread/INFO]: [PermissionsEx] Enabling PermissionsEx v1.23.4
[15:26:39] [Server thread/INFO]: [PermissionsEx] Initializing file backend
[15:26:39] [Server thread/INFO]: [PermissionsEx] Permissions file successfully reloaded
[15:26:39] [Server thread/INFO]: WEPIF: PermissionsEx detected! Using PermissionsEx for permissions.
[15:26:39] [Server thread/INFO]: [Vault][Permission] PermissionsEx hooked.
[15:26:39] [Server thread/INFO]: [Vault] [Vault][Chat] PermissionsEx_Chat hooked.
[15:26:39] [Server thread/INFO]: [SimplyVanish] Enabling SimplyVanish v1.3.0
[15:26:39] [Server thread/ERROR]: [SimplyVanish] Failed to update players in onEnable (scheduled for next tick), are you using reload?
[15:26:39] [Server thread/ERROR]: [SimplyVanish] java.lang.NoSuchMethodError: org.bukkit.Server.getOnlinePlayers()[Lorg/bukkit/entity/Player;
	at me.asofold.bpl.simplyvanish.SimplyVanish.updateAllPlayers(SimplyVanish.java:146)
	at me.asofold.bpl.simplyvanish.SimplyVanish.onEnable(SimplyVanish.java:128)
	at org.bukkit.plugin.java.JavaPlugin.setEnabled(JavaPlugin.java:264)
	at org.bukkit.plugin.java.JavaPluginLoader.enablePlugin(JavaPluginLoader.java:337)
	at org.bukkit.plugin.SimplePluginManager.enablePlugin(SimplePluginManager.java:403)
	at org.bukkit.craftbukkit.v1_12_R1.CraftServer.enablePlugin(CraftServer.java:381)
	at org.bukkit.craftbukkit.v1_12_R1.CraftServer.enablePlugins(CraftServer.java:330)
	at net.minecraft.server.v1_12_R1.MinecraftServer.t(MinecraftServer.java:422)
	at net.minecraft.server.v1_12_R1.MinecraftServer.l(MinecraftServer.java:383)
	at net.minecraft.server.v1_12_R1.MinecraftServer.a(MinecraftServer.java:338)
	at net.minecraft.server.v1_12_R1.DedicatedServer.init(DedicatedServer.java:272)
	at net.minecraft.server.v1_12_R1.MinecraftServer.run(MinecraftServer.java:545)
	at java.lang.Thread.run(Thread.java:750)

[15:26:39] [Server thread/INFO]: [SimplyVanish] Enabled
[15:26:39] [Server thread/INFO]: [WorldGuard] Enabling WorldGuard v6.2.2-SNAPSHOT;8eeab68
[15:26:39] [Server thread/INFO]: [WorldGuard] (world) TNT ignition is PERMITTED.
[15:26:39] [Server thread/INFO]: [WorldGuard] (world) Lighters are PERMITTED.
[15:26:39] [Server thread/INFO]: [WorldGuard] (world) Lava fire is blocked.
[15:26:39] [Server thread/INFO]: [WorldGuard] (world) Fire spread is UNRESTRICTED.
[15:26:39] [Server thread/INFO]: [WorldGuard] Loaded configuration for world 'world'
[15:26:39] [Server thread/INFO]: [WorldGuard] (world_nether) TNT ignition is PERMITTED.
[15:26:39] [Server thread/INFO]: [WorldGuard] (world_nether) Lighters are PERMITTED.
[15:26:39] [Server thread/INFO]: [WorldGuard] (world_nether) Lava fire is blocked.
[15:26:39] [Server thread/INFO]: [WorldGuard] (world_nether) Fire spread is UNRESTRICTED.
[15:26:39] [Server thread/INFO]: [WorldGuard] Loaded configuration for world 'world_nether'
[15:26:39] [Server thread/INFO]: [WorldGuard] (world_the_end) TNT ignition is PERMITTED.
[15:26:39] [Server thread/INFO]: [WorldGuard] (world_the_end) Lighters are PERMITTED.
[15:26:39] [Server thread/INFO]: [WorldGuard] (world_the_end) Lava fire is blocked.
[15:26:39] [Server thread/INFO]: [WorldGuard] (world_the_end) Fire spread is UNRESTRICTED.
[15:26:39] [Server thread/INFO]: [WorldGuard] Loaded configuration for world 'world_the_end'
[15:26:39] [Server thread/INFO]: [WorldGuard] Loading region data...
[15:26:39] [Server thread/INFO]: [SimpleClans] Enabling SimpleClans v2.16.2-51f82ba
[15:26:39] [Server thread/INFO]: [SimpleClans] SQLite Connection successful
[15:26:39] [Server thread/INFO]: [SimpleClans] Registering 3 chat handlers...
[15:26:39] [Server thread/INFO]: [SimpleClans] Registering 12 command contexts...
[15:26:39] [Server thread/INFO]: [SimpleClans] Registering 15 base commands...
[15:26:39] [Server thread/INFO]: [SimpleClans] Registering 30 command conditions...
[15:26:39] [Server thread/INFO]: [SimpleClans] Registering 18 command completions...
[15:26:39] [Server thread/INFO]: [SimpleClans] Multithreading: true
[15:26:39] [Server thread/INFO]: [SimpleClans] BungeeCord: false
[15:26:39] [Server thread/INFO]: [SimpleClans] HEX support: false
[15:26:39] [Server thread/INFO]: [SimpleClans] Help us translate SimpleClans to your language! Access https://crowdin.com/project/simpleclans/
[15:26:39] [Server thread/INFO]: [BannerMaker] Enabling BannerMaker v1.7.0
[15:26:39] [Server thread/INFO]: [BannerMaker] Language: en
[15:26:39] [Server thread/INFO]: [BannerMaker] Disable economy supported
[15:26:39] [Server thread/INFO]: [Citizens] Enabling Citizens v2.0.22-SNAPSHOT (build 1552)
[15:26:39] [Thread-9/WARN]: [PermissionsEx] The updater could not find any files for the project id 31279
[15:26:39] [Server thread/INFO]: [PlayEffect] Enabling PlayEffect v0.5.4
[15:26:39] [Server thread/INFO]: [Kom] Enabling Kom v5
[15:26:39] [Server thread/INFO]: [Kom] iniciando saporra de server ! :D
[15:26:40] [Server thread/INFO]: [Kom] ----- LOADANDO COISAS ------
[15:26:40] [Server thread/INFO]: [Kom] was enabled!
[15:26:40] [Server thread/INFO]: [Kom] Loadando craftings
[15:26:40] [Server thread/INFO]: [Kom] Loaded item Adaga da Ponta Diamantada
[15:26:40] [Server thread/INFO]: [Kom] Loaded item Luz da Graca
[15:26:40] [Server thread/INFO]: [Kom] Loaded item Armadilha
[15:26:40] [Server thread/INFO]: [Kom] Loaded item Atadura
[15:26:40] [Server thread/INFO]: [Kom] Loaded item Benção Suprema de Jabu
[15:26:40] [Server thread/INFO]: [Kom] Loaded item Bomba de Farinha
[15:26:40] [Server thread/INFO]: [Kom] Loaded item Bomba de Fumaca
[15:26:40] [Server thread/INFO]: [Kom] Loaded item Bussola Mágica
[15:26:40] [Server thread/INFO]: [Kom] Loaded item Cajado Elemental
[15:26:40] [Server thread/INFO]: [Kom] Loaded item Capa da Invisibilidade
[15:26:40] [Server thread/INFO]: [Kom] Loaded item Cetro Igneo
[15:26:40] [Server thread/INFO]: [Kom] Loaded item Projeto de AutoDispenser
[15:26:40] [Server thread/INFO]: [Kom] Loaded item Projeto de Torre
[15:26:40] [Server thread/INFO]: [Kom] Loaded item Detonador
[15:26:40] [Server thread/INFO]: [Kom] Loaded item Documento Bancario
[15:26:40] [Server thread/INFO]: [Kom] Loaded item Documento de XP Dobrada
[15:26:40] [Server thread/INFO]: [Kom] Loaded item Bau Envelhecido
[15:26:40] [Server thread/INFO]: [Kom] Loaded item Encaixe
[15:26:40] [Server thread/INFO]: [Kom] Loaded item EnderChest Mochila
[15:26:40] [Server thread/INFO]: [Kom] Loaded item Folhas de Mana
[15:26:40] [Server thread/INFO]: [Kom] Loaded item Console Item
[15:26:40] [Server thread/INFO]: [Kom] Loaded item Item Incomum Sortido
[15:26:40] [Server thread/INFO]: [Kom] Loaded item Item Raro Aleatorio
[15:26:40] [Server thread/INFO]: [Kom] Loaded item Items de Lord
[15:26:40] [Server thread/INFO]: [Kom] Loaded item Item Raro Sortido
[15:26:40] [Server thread/INFO]: [Kom] Loaded item Kit de Espionagem
[15:26:40] [Server thread/INFO]: [Kom] Loaded item Livro das Almas
[15:26:40] [Server thread/INFO]: [Kom] Loaded item Tranca
[15:26:40] [Server thread/INFO]: [Kom] Loaded item Chave
[15:26:40] [Server thread/INFO]: [Kom] Loaded item Lockpick
[15:26:40] [Server thread/INFO]: [Kom] Loaded item Logout Trap
[15:26:40] [Server thread/INFO]: [Kom] Loaded item Calcas de Escalar
[15:26:40] [Server thread/INFO]: [Kom] Loaded item Aprenda a Criar
[15:26:40] [Server thread/INFO]: [Kom] Loaded item Pe de Pato
[15:26:40] [Server thread/INFO]: [Kom] Loaded item Osso Magico
[15:26:40] [Server thread/INFO]: [Kom] Loaded item Para Raio
[15:26:40] [Server thread/INFO]: [Kom] Loaded item Pe de Cabra
[15:26:40] [Server thread/INFO]: [Kom] Loaded item Pedra do Poder
[15:26:40] [Server thread/INFO]: [Kom] Loaded item Reset de Classe Mitico
[15:26:40] [Server thread/INFO]: [Kom] Loaded item Reset De Classe Lendario
[15:26:40] [Server thread/INFO]: [Kom] Loaded item Pergaminho de Re-Especializacao
[15:26:40] [Server thread/INFO]: [Kom] Loaded item Bonka Boom
[15:26:40] [Server thread/INFO]: [Kom] Loaded item Bloco Hidraulico
[15:26:40] [Server thread/INFO]: [Kom] Loaded item Extrato de Poção
[15:26:40] [Server thread/INFO]: [Kom] Loaded item Projeto de Bomba
[15:26:40] [Server thread/INFO]: [Kom] Loaded item Livro de Receitas
[15:26:40] [Server thread/INFO]: [Kom] Loaded item Receita de um Livro
[15:26:40] [Server thread/INFO]: [Kom] Loaded item Runa
[15:26:40] [Server thread/INFO]: [Kom] Loaded item Seguro de Itens
[15:26:40] [Server thread/INFO]: [Kom] Loaded item Slimeball Envenenada
[15:26:40] [Server thread/INFO]: [Kom] Loaded item Mega Bomba C4
[15:26:40] [Server thread/INFO]: [Kom] Loaded item Pergaminho de Teleporte
[15:26:40] [Server thread/INFO]: [Kom] Loaded item Titulo de Cavaleiro
[15:26:40] [Server thread/INFO]: [Kom] Loaded item Tracker
[15:26:40] [Server thread/INFO]: [Kom] Loaded item Escritura de Terreno
[15:26:40] [Server thread/INFO]: [Kom] Loaded item Documento de Sorteio
[15:26:40] [Server thread/INFO]: [Kom] Loaded item Veneno Natural
[15:26:40] [Server thread/INFO]: [Kom] Loaded item Capacete da Visao
[15:26:40] [Server thread/INFO]: [Kom] Loaded item Wikipedia
[15:26:40] [Server thread/INFO]: [Kom] Loaded item Zarabatana
[15:26:40] [Server thread/INFO]: [Kom] [DEBUG] tinha dano 1.5
[15:26:40] [Server thread/INFO]: [Kom] [DEBUG] Adicionando dano
[15:26:40] [Server thread/INFO]: [Kom] [DEBUG] tinha dano 1.5
[15:26:40] [Server thread/INFO]: [Kom] [DEBUG] Adicionando dano
[15:26:40] [Server thread/INFO]: [Kom] [DEBUG] tinha dano 0.0
[15:26:40] [Server thread/INFO]: [Kom] [DEBUG] TENTANDO TIRAR ARMORTIYPE DE LEATHER
[15:26:40] [Server thread/INFO]: [Kom] [DEBUG] armor type HELMET
[15:26:40] [Server thread/INFO]: [Kom] [DEBUG] addando 2 Armadura
[15:26:40] [Server thread/INFO]: [Kom] [DEBUG] tinha dano 0.0
[15:26:40] [Server thread/INFO]: [Kom] [DEBUG] TENTANDO TIRAR ARMORTIYPE DE LEATHER
[15:26:40] [Server thread/INFO]: [Kom] [DEBUG] armor type BOOTS
[15:26:40] [Server thread/INFO]: [Kom] [DEBUG] addando 1 Armadura
[15:26:40] [Server thread/INFO]: [Kom] [DEBUG] tinha dano 0.0
[15:26:40] [Server thread/INFO]: [Kom] [DEBUG] TENTANDO TIRAR ARMORTIYPE DE LEATHER
[15:26:40] [Server thread/INFO]: [Kom] [DEBUG] armor type CHESTPLATE
[15:26:40] [Server thread/INFO]: [Kom] [DEBUG] addando 5 Armadura
[15:26:40] [Server thread/INFO]: [Kom] [DEBUG] tinha dano 0.0
[15:26:40] [Server thread/INFO]: [Kom] [DEBUG] TENTANDO TIRAR ARMORTIYPE DE LEATHER
[15:26:40] [Server thread/INFO]: [Kom] [DEBUG] armor type LEGGINGS
[15:26:40] [Server thread/INFO]: [Kom] [DEBUG] addando 3 Armadura
[15:26:40] [Server thread/INFO]: [Kom] Carregou mage spell Lampejo !
[15:26:40] [Server thread/INFO]: [Kom] [DEBUG] tinha dano 0.0
[15:26:40] [Server thread/INFO]: [Kom] Carregou mage spell Cone de Frio !
[15:26:40] [Server thread/INFO]: [Kom] [DEBUG] tinha dano 0.0
[15:26:40] [Server thread/INFO]: [Kom] Carregou mage spell Dispersão Astral !
[15:26:40] [Server thread/INFO]: [Kom] [DEBUG] tinha dano 0.0
[15:26:40] [Server thread/INFO]: [Kom] Carregou mage spell Bola de Fogo !
[15:26:40] [Server thread/INFO]: [Kom] [DEBUG] tinha dano 0.0
[15:26:40] [Server thread/INFO]: [Kom] Carregou mage spell Bomba de Fogo !
[15:26:40] [Server thread/INFO]: [Kom] [DEBUG] tinha dano 0.0
[15:26:40] [Server thread/INFO]: [Kom] Carregou mage spell Anel de Fogo !
[15:26:40] [Server thread/INFO]: [Kom] [DEBUG] tinha dano 0.0
[15:26:40] [Server thread/INFO]: [Kom] Carregou mage spell Relampago !
[15:26:40] [Server thread/INFO]: [Kom] [DEBUG] tinha dano 0.0
[15:26:40] [Server thread/INFO]: [Kom] Carregou mage spell Marcar Runa !
[15:26:40] [Server thread/INFO]: [Kom] [DEBUG] tinha dano 0.0
[15:26:40] [Server thread/INFO]: [Kom] Carregou mage spell Paralizar !
[15:26:40] [Server thread/INFO]: [Kom] [DEBUG] tinha dano 0.0
[15:26:40] [Server thread/INFO]: [Kom] Carregou mage spell Escudo Reflexor !
[15:26:40] [Server thread/INFO]: [Kom] [DEBUG] tinha dano 0.0
[15:26:40] [Server thread/INFO]: [Kom] Carregou mage spell Repulsão !
[15:26:40] [Server thread/INFO]: [Kom] [DEBUG] tinha dano 0.0
[15:26:40] [Server thread/INFO]: [Kom] Carregou mage spell Benção de Jabu !
[15:26:40] [Server thread/INFO]: [Kom] [DEBUG] tinha dano 0.0
[15:26:40] [Server thread/INFO]: [Kom] Carregou mage spell Prisão de Teias !
[15:26:40] [Server thread/INFO]: [Kom] [DEBUG] tinha dano 0.0
[15:26:40] [Server thread/INFO]: Calculando tabela de níveis.... (ETA BAGUI FRITADOR DE MENTE)
[15:26:40] [Server thread/INFO]: CONFIGURACOES:
[15:26:40] [Server thread/INFO]: Ações por nivel: 35
[15:26:40] [Server thread/INFO]: Aumento de numero de ações por tier: 0.5%
[15:26:40] [Server thread/INFO]: Expoente de nivel: 2.0
[15:26:40] [Server thread/INFO]: ------------------------------------------
[15:26:40] [Server thread/INFO]: LVL 1.0 - TIER 1.0
[15:26:40] [Server thread/INFO]: Media de XP por ação ou craft: 2.0
[15:26:40] [Server thread/INFO]: Quantidade de ações médias para upar com exp do tier: 52.5
[15:26:40] [Server thread/INFO]: Exp total para upar (qtd ações X xp média da ação) = 105.0
[15:26:40] [Server thread/INFO]: ------------------------------------------
[15:26:40] [Server thread/INFO]: LVL 2.0 - TIER 1.1
[15:26:40] [Server thread/INFO]: Media de XP por ação ou craft: 2.1435469250725863
[15:26:40] [Server thread/INFO]: Quantidade de ações médias para upar com exp do tier: 78.75
[15:26:40] [Server thread/INFO]: Exp total para upar (qtd ações X xp média da ação) = 168.80432034946617
[15:26:40] [Server thread/INFO]: ------------------------------------------
[15:26:40] [Server thread/INFO]: LVL 3.0 - TIER 1.2
[15:26:40] [Server thread/INFO]: Media de XP por ação ou craft: 2.2973967099940698
[15:26:40] [Server thread/INFO]: Quantidade de ações médias para upar com exp do tier: 78.75
[15:26:40] [Server thread/INFO]: Exp total para upar (qtd ações X xp média da ação) = 180.919990912033
[15:26:40] [Server thread/INFO]: ------------------------------------------
[15:26:40] [Server thread/INFO]: LVL 4.0 - TIER 1.3
[15:26:40] [Server thread/INFO]: Media de XP por ação ou craft: 2.4622888266898326
[15:26:40] [Server thread/INFO]: Quantidade de ações médias para upar com exp do tier: 78.75
[15:26:40] [Server thread/INFO]: Exp total para upar (qtd ações X xp média da ação) = 193.9052451018243
[15:26:40] [Server thread/INFO]: ------------------------------------------
[15:26:40] [Server thread/INFO]: LVL 5.0 - TIER 1.4
[15:26:40] [Server thread/INFO]: Media de XP por ação ou craft: 2.6390158215457884
[15:26:40] [Server thread/INFO]: Quantidade de ações médias para upar com exp do tier: 78.75
[15:26:40] [Server thread/INFO]: Exp total para upar (qtd ações X xp média da ação) = 207.82249594673084
[15:26:40] [Server thread/INFO]: ------------------------------------------
[15:26:40] [Server thread/INFO]: LVL 6.0 - TIER 1.5
[15:26:40] [Server thread/INFO]: Media de XP por ação ou craft: 2.8284271247461903
[15:26:40] [Server thread/INFO]: Quantidade de ações médias para upar com exp do tier: 78.75
[15:26:40] [Server thread/INFO]: Exp total para upar (qtd ações X xp média da ação) = 222.73863607376248
[15:26:40] [Server thread/INFO]: ------------------------------------------
[15:26:40] [Server thread/INFO]: LVL 7.0 - TIER 1.6
[15:26:40] [Server thread/INFO]: Media de XP por ação ou craft: 3.0314331330207964
[15:26:40] [Server thread/INFO]: Quantidade de ações médias para upar com exp do tier: 78.75
[15:26:40] [Server thread/INFO]: Exp total para upar (qtd ações X xp média da ação) = 238.7253592253877
[15:26:40] [Server thread/INFO]: ------------------------------------------
[15:26:40] [Server thread/INFO]: LVL 8.0 - TIER 1.7
[15:26:40] [Server thread/INFO]: Media de XP por ação ou craft: 3.249009585424942
[15:26:40] [Server thread/INFO]: Quantidade de ações médias para upar com exp do tier: 78.75
[15:26:40] [Server thread/INFO]: Exp total para upar (qtd ações X xp média da ação) = 255.85950485221417
[15:26:40] [Server thread/INFO]: ------------------------------------------
[15:26:40] [Server thread/INFO]: LVL 9.0 - TIER 1.8
[15:26:40] [Server thread/INFO]: Media de XP por ação ou craft: 3.4822022531844965
[15:26:40] [Server thread/INFO]: Quantidade de ações médias para upar com exp do tier: 78.75
[15:26:40] [Server thread/INFO]: Exp total para upar (qtd ações X xp média da ação) = 274.2234274382791
[15:26:40] [Server thread/INFO]: ------------------------------------------
[15:26:40] [Server thread/INFO]: LVL 10.0 - TIER 1.9
[15:26:40] [Server thread/INFO]: Media de XP por ação ou craft: 3.7321319661472296
[15:26:40] [Server thread/INFO]: Quantidade de ações médias para upar com exp do tier: 78.75
[15:26:40] [Server thread/INFO]: Exp total para upar (qtd ações X xp média da ação) = 293.90539233409436
[15:26:40] [Server thread/INFO]: ------------------------------------------
[15:26:40] [Server thread/INFO]: LVL 11.0 - TIER 2.0
[15:26:40] [Server thread/INFO]: Media de XP por ação ou craft: 4.0
[15:26:40] [Server thread/INFO]: Quantidade de ações médias para upar com exp do tier: 78.75
[15:26:40] [Server thread/INFO]: Exp total para upar (qtd ações X xp média da ação) = 315.0
[15:26:40] [Server thread/INFO]: ------------------------------------------
[15:26:40] [Server thread/INFO]: LVL 12.0 - TIER 2.1
[15:26:40] [Server thread/INFO]: Media de XP por ação ou craft: 4.2870938501451725
[15:26:40] [Server thread/INFO]: Quantidade de ações médias para upar com exp do tier: 118.125
[15:26:40] [Server thread/INFO]: Exp total para upar (qtd ações X xp média da ação) = 506.41296104839853
[15:26:40] [Server thread/INFO]: ------------------------------------------
[15:26:40] [Server thread/INFO]: LVL 13.0 - TIER 2.2
[15:26:40] [Server thread/INFO]: Media de XP por ação ou craft: 4.59479341998814
[15:26:40] [Server thread/INFO]: Quantidade de ações médias para upar com exp do tier: 118.125
[15:26:40] [Server thread/INFO]: Exp total para upar (qtd ações X xp média da ação) = 542.759972736099
[15:26:40] [Server thread/INFO]: ------------------------------------------
[15:26:40] [Server thread/INFO]: LVL 14.0 - TIER 2.3
[15:26:40] [Server thread/INFO]: Media de XP por ação ou craft: 4.924577653379664
[15:26:40] [Server thread/INFO]: Quantidade de ações médias para upar com exp do tier: 118.125
[15:26:40] [Server thread/INFO]: Exp total para upar (qtd ações X xp média da ação) = 581.7157353054729
[15:26:40] [Server thread/INFO]: ------------------------------------------
[15:26:40] [Server thread/INFO]: LVL 15.0 - TIER 2.4
[15:26:40] [Server thread/INFO]: Media de XP por ação ou craft: 5.278031643091577
[15:26:40] [Server thread/INFO]: Quantidade de ações médias para upar com exp do tier: 118.125
[15:26:40] [Server thread/INFO]: Exp total para upar (qtd ações X xp média da ação) = 623.4674878401925
[15:26:40] [Server thread/INFO]: ------------------------------------------
[15:26:40] [Server thread/INFO]: LVL 16.0 - TIER 2.5
[15:26:40] [Server thread/INFO]: Media de XP por ação ou craft: 5.656854249492381
[15:26:40] [Server thread/INFO]: Quantidade de ações médias para upar com exp do tier: 118.125
[15:26:40] [Server thread/INFO]: Exp total para upar (qtd ações X xp média da ação) = 668.2159082212875
[15:26:40] [Server thread/INFO]: ------------------------------------------
[15:26:40] [Server thread/INFO]: LVL 17.0 - TIER 2.6
[15:26:40] [Server thread/INFO]: Media de XP por ação ou craft: 6.062866266041593
[15:26:40] [Server thread/INFO]: Quantidade de ações médias para upar com exp do tier: 118.125
[15:26:40] [Server thread/INFO]: Exp total para upar (qtd ações X xp média da ação) = 716.1760776761631
[15:26:40] [Server thread/INFO]: ------------------------------------------
[15:26:40] [Server thread/INFO]: LVL 18.0 - TIER 2.7
[15:26:40] [Server thread/INFO]: Media de XP por ação ou craft: 6.498019170849885
[15:26:40] [Server thread/INFO]: Quantidade de ações médias para upar com exp do tier: 118.125
[15:26:40] [Server thread/INFO]: Exp total para upar (qtd ações X xp média da ação) = 767.5785145566426
[15:26:40] [Server thread/INFO]: ------------------------------------------
[15:26:40] [Server thread/INFO]: LVL 19.0 - TIER 2.8
[15:26:40] [Server thread/INFO]: Media de XP por ação ou craft: 6.964404506368992
[15:26:40] [Server thread/INFO]: Quantidade de ações médias para upar com exp do tier: 118.125
[15:26:40] [Server thread/INFO]: Exp total para upar (qtd ações X xp média da ação) = 822.6702823148372
[15:26:40] [Server thread/INFO]: ------------------------------------------
[15:26:40] [Server thread/INFO]: LVL 20.0 - TIER 2.9
[15:26:40] [Server thread/INFO]: Media de XP por ação ou craft: 7.464263932294459
[15:26:40] [Server thread/INFO]: Quantidade de ações médias para upar com exp do tier: 118.125
[15:26:40] [Server thread/INFO]: Exp total para upar (qtd ações X xp média da ação) = 881.716177002283
[15:26:40] [Server thread/INFO]: ------------------------------------------
[15:26:40] [Server thread/INFO]: LVL 21.0 - TIER 3.0
[15:26:40] [Server thread/INFO]: Media de XP por ação ou craft: 8.0
[15:26:40] [Server thread/INFO]: Quantidade de ações médias para upar com exp do tier: 118.125
[15:26:40] [Server thread/INFO]: Exp total para upar (qtd ações X xp média da ação) = 945.0
[15:26:40] [Server thread/INFO]: ------------------------------------------
[15:26:40] [Server thread/INFO]: LVL 22.0 - TIER 3.1
[15:26:40] [Server thread/INFO]: Media de XP por ação ou craft: 8.574187700290345
[15:26:40] [Server thread/INFO]: Quantidade de ações médias para upar com exp do tier: 177.1875
[15:26:40] [Server thread/INFO]: Exp total para upar (qtd ações X xp média da ação) = 1519.2388831451956
[15:26:40] [Server thread/INFO]: ------------------------------------------
[15:26:40] [Server thread/INFO]: LVL 23.0 - TIER 3.2
[15:26:40] [Server thread/INFO]: Media de XP por ação ou craft: 9.18958683997628
[15:26:40] [Server thread/INFO]: Quantidade de ações médias para upar com exp do tier: 177.1875
[15:26:40] [Server thread/INFO]: Exp total para upar (qtd ações X xp média da ação) = 1628.2799182082972
[15:26:40] [Server thread/INFO]: ------------------------------------------
[15:26:40] [Server thread/INFO]: LVL 24.0 - TIER 3.3
[15:26:40] [Server thread/INFO]: Media de XP por ação ou craft: 9.849155306759329
[15:26:40] [Server thread/INFO]: Quantidade de ações médias para upar com exp do tier: 177.1875
[15:26:40] [Server thread/INFO]: Exp total para upar (qtd ações X xp média da ação) = 1745.1472059164184
[15:26:40] [Server thread/INFO]: ------------------------------------------
[15:26:40] [Server thread/INFO]: LVL 25.0 - TIER 3.4
[15:26:40] [Server thread/INFO]: Media de XP por ação ou craft: 10.556063286183154
[15:26:40] [Server thread/INFO]: Quantidade de ações médias para upar com exp do tier: 177.1875
[15:26:40] [Server thread/INFO]: Exp total para upar (qtd ações X xp média da ação) = 1870.4024635205776
[15:26:40] [Server thread/INFO]: ------------------------------------------
[15:26:40] [Server thread/INFO]: LVL 26.0 - TIER 3.5
[15:26:40] [Server thread/INFO]: Media de XP por ação ou craft: 11.313708498984761
[15:26:40] [Server thread/INFO]: Quantidade de ações médias para upar com exp do tier: 177.1875
[15:26:40] [Server thread/INFO]: Exp total para upar (qtd ações X xp média da ação) = 2004.6477246638624
[15:26:40] [Server thread/INFO]: ------------------------------------------
[15:26:40] [Server thread/INFO]: LVL 27.0 - TIER 3.6
[15:26:40] [Server thread/INFO]: Media de XP por ação ou craft: 12.125732532083186
[15:26:40] [Server thread/INFO]: Quantidade de ações médias para upar com exp do tier: 177.1875
[15:26:40] [Server thread/INFO]: Exp total para upar (qtd ações X xp média da ação) = 2148.5282330284895
[15:26:40] [Server thread/INFO]: ------------------------------------------
[15:26:40] [Server thread/INFO]: LVL 28.0 - TIER 3.7
[15:26:40] [Server thread/INFO]: Media de XP por ação ou craft: 12.99603834169977
[15:26:40] [Server thread/INFO]: Quantidade de ações médias para upar com exp do tier: 177.1875
[15:26:40] [Server thread/INFO]: Exp total para upar (qtd ações X xp média da ação) = 2302.7355436699277
[15:26:40] [Server thread/INFO]: ------------------------------------------
[15:26:40] [Server thread/INFO]: LVL 29.0 - TIER 3.8
[15:26:40] [Server thread/INFO]: Media de XP por ação ou craft: 13.928809012737984
[15:26:40] [Server thread/INFO]: Quantidade de ações médias para upar com exp do tier: 177.1875
[15:26:40] [Server thread/INFO]: Exp total para upar (qtd ações X xp média da ação) = 2468.0108469445117
[15:26:40] [Server thread/INFO]: ------------------------------------------
[15:26:40] [Server thread/INFO]: LVL 30.0 - TIER 3.9
[15:26:40] [Server thread/INFO]: Media de XP por ação ou craft: 14.928527864588919
[15:26:40] [Server thread/INFO]: Quantidade de ações médias para upar com exp do tier: 177.1875
[15:26:40] [Server thread/INFO]: Exp total para upar (qtd ações X xp média da ação) = 2645.148531006849
[15:26:40] [Server thread/INFO]: ------------------------------------------
[15:26:40] [Server thread/INFO]: LVL 31.0 - TIER 4.0
[15:26:40] [Server thread/INFO]: Media de XP por ação ou craft: 16.0
[15:26:40] [Server thread/INFO]: Quantidade de ações médias para upar com exp do tier: 177.1875
[15:26:40] [Server thread/INFO]: Exp total para upar (qtd ações X xp média da ação) = 2835.0
[15:26:40] [Server thread/INFO]: ------------------------------------------
[15:26:40] [Server thread/INFO]: LVL 32.0 - TIER 4.1
[15:26:40] [Server thread/INFO]: Media de XP por ação ou craft: 17.148375400580687
[15:26:40] [Server thread/INFO]: Quantidade de ações médias para upar com exp do tier: 265.78125
[15:26:40] [Server thread/INFO]: Exp total para upar (qtd ações X xp média da ação) = 4557.716649435585
[15:26:40] [Server thread/INFO]: ------------------------------------------
[15:26:40] [Server thread/INFO]: LVL 33.0 - TIER 4.2
[15:26:40] [Server thread/INFO]: Media de XP por ação ou craft: 18.37917367995256
[15:26:40] [Server thread/INFO]: Quantidade de ações médias para upar com exp do tier: 265.78125
[15:26:40] [Server thread/INFO]: Exp total para upar (qtd ações X xp média da ação) = 4884.839754624892
[15:26:40] [Server thread/INFO]: ------------------------------------------
[15:26:40] [Server thread/INFO]: LVL 34.0 - TIER 4.3
[15:26:40] [Server thread/INFO]: Media de XP por ação ou craft: 19.698310613518657
[15:26:40] [Server thread/INFO]: Quantidade de ações médias para upar com exp do tier: 265.78125
[15:26:40] [Server thread/INFO]: Exp total para upar (qtd ações X xp média da ação) = 5235.441617749256
[15:26:40] [Server thread/INFO]: ------------------------------------------
[15:26:40] [Server thread/INFO]: LVL 35.0 - TIER 4.4
[15:26:40] [Server thread/INFO]: Media de XP por ação ou craft: 21.112126572366314
[15:26:40] [Server thread/INFO]: Quantidade de ações médias para upar com exp do tier: 265.78125
[15:26:40] [Server thread/INFO]: Exp total para upar (qtd ações X xp média da ação) = 5611.207390561734
[15:26:40] [Server thread/INFO]: ------------------------------------------
[15:26:40] [Server thread/INFO]: LVL 36.0 - TIER 4.5
[15:26:40] [Server thread/INFO]: Media de XP por ação ou craft: 22.627416997969522
[15:26:40] [Server thread/INFO]: Quantidade de ações médias para upar com exp do tier: 265.78125
[15:26:40] [Server thread/INFO]: Exp total para upar (qtd ações X xp média da ação) = 6013.943173991587
[15:26:40] [Server thread/INFO]: ------------------------------------------
[15:26:40] [Server thread/INFO]: LVL 37.0 - TIER 4.6
[15:26:40] [Server thread/INFO]: Media de XP por ação ou craft: 24.251465064166364
[15:26:40] [Server thread/INFO]: Quantidade de ações médias para upar com exp do tier: 265.78125
[15:26:40] [Server thread/INFO]: Exp total para upar (qtd ações X xp média da ação) = 6445.584699085466
[15:26:40] [Server thread/INFO]: ------------------------------------------
[15:26:40] [Server thread/INFO]: LVL 38.0 - TIER 4.7
[15:26:40] [Server thread/INFO]: Media de XP por ação ou craft: 25.99207668339954
[15:26:40] [Server thread/INFO]: Quantidade de ações médias para upar com exp do tier: 265.78125
[15:26:40] [Server thread/INFO]: Exp total para upar (qtd ações X xp média da ação) = 6908.206631009783
[15:26:40] [Server thread/INFO]: ------------------------------------------
[15:26:40] [Server thread/INFO]: LVL 39.0 - TIER 4.8
[15:26:40] [Server thread/INFO]: Media de XP por ação ou craft: 27.85761802547597
[15:26:40] [Server thread/INFO]: Quantidade de ações médias para upar com exp do tier: 265.78125
[15:26:40] [Server thread/INFO]: Exp total para upar (qtd ações X xp média da ação) = 7404.032540833535
[15:26:40] [Server thread/INFO]: ------------------------------------------
[15:26:40] [Server thread/INFO]: LVL 40.0 - TIER 4.9
[15:26:40] [Server thread/INFO]: Media de XP por ação ou craft: 29.857055729177844
[15:26:40] [Server thread/INFO]: Quantidade de ações médias para upar com exp do tier: 265.78125
[15:26:40] [Server thread/INFO]: Exp total para upar (qtd ações X xp média da ação) = 7935.445593020549
[15:26:40] [Server thread/INFO]: ------------------------------------------
[15:26:40] [Server thread/INFO]: LVL 41.0 - TIER 5.0
[15:26:40] [Server thread/INFO]: Media de XP por ação ou craft: 32.0
[15:26:40] [Server thread/INFO]: Quantidade de ações médias para upar com exp do tier: 265.78125
[15:26:40] [Server thread/INFO]: Exp total para upar (qtd ações X xp média da ação) = 8505.0
[15:26:40] [Server thread/INFO]: ------------------------------------------
[15:26:40] [Server thread/INFO]: LVL 42.0 - TIER 5.1
[15:26:40] [Server thread/INFO]: Media de XP por ação ou craft: 34.29675080116137
[15:26:40] [Server thread/INFO]: Quantidade de ações médias para upar com exp do tier: 398.671875
[15:26:40] [Server thread/INFO]: Exp total para upar (qtd ações X xp média da ação) = 13673.149948306756
[15:26:40] [Server thread/INFO]: ------------------------------------------
[15:26:40] [Server thread/INFO]: LVL 43.0 - TIER 5.2
[15:26:40] [Server thread/INFO]: Media de XP por ação ou craft: 36.75834735990512
[15:26:40] [Server thread/INFO]: Quantidade de ações médias para upar com exp do tier: 398.671875
[15:26:40] [Server thread/INFO]: Exp total para upar (qtd ações X xp média da ação) = 14654.519263874676
[15:26:40] [Server thread/INFO]: ------------------------------------------
[15:26:40] [Server thread/INFO]: LVL 44.0 - TIER 5.3
[15:26:40] [Server thread/INFO]: Media de XP por ação ou craft: 39.396621227037315
[15:26:40] [Server thread/INFO]: Quantidade de ações médias para upar com exp do tier: 398.671875
[15:26:40] [Server thread/INFO]: Exp total para upar (qtd ações X xp média da ação) = 15706.324853247766
[15:26:40] [Server thread/INFO]: ------------------------------------------
[15:26:40] [Server thread/INFO]: LVL 45.0 - TIER 5.4
[15:26:40] [Server thread/INFO]: Media de XP por ação ou craft: 42.22425314473263
[15:26:40] [Server thread/INFO]: Quantidade de ações médias para upar com exp do tier: 398.671875
[15:26:40] [Server thread/INFO]: Exp total para upar (qtd ações X xp média da ação) = 16833.622171685205
[15:26:40] [Server thread/INFO]: ------------------------------------------
[15:26:40] [Server thread/INFO]: LVL 46.0 - TIER 5.5
[15:26:40] [Server thread/INFO]: Media de XP por ação ou craft: 45.254833995939045
[15:26:40] [Server thread/INFO]: Quantidade de ações médias para upar com exp do tier: 398.671875
[15:26:40] [Server thread/INFO]: Exp total para upar (qtd ações X xp média da ação) = 18041.82952197476
[15:26:40] [Server thread/INFO]: ------------------------------------------
[15:26:40] [Server thread/INFO]: LVL 47.0 - TIER 5.6
[15:26:40] [Server thread/INFO]: Media de XP por ação ou craft: 48.50293012833273
[15:26:40] [Server thread/INFO]: Quantidade de ações médias para upar com exp do tier: 398.671875
[15:26:40] [Server thread/INFO]: Exp total para upar (qtd ações X xp média da ação) = 19336.7540972564
[15:26:40] [Server thread/INFO]: ------------------------------------------
[15:26:40] [Server thread/INFO]: LVL 48.0 - TIER 5.7
[15:26:40] [Server thread/INFO]: Media de XP por ação ou craft: 51.98415336679908
[15:26:40] [Server thread/INFO]: Quantidade de ações médias para upar com exp do tier: 398.671875
[15:26:40] [Server thread/INFO]: Exp total para upar (qtd ações X xp média da ação) = 20724.61989302935
[15:26:40] [Server thread/INFO]: ------------------------------------------
[15:26:40] [Server thread/INFO]: LVL 49.0 - TIER 5.8
[15:26:40] [Server thread/INFO]: Media de XP por ação ou craft: 55.71523605095194
[15:26:40] [Server thread/INFO]: Quantidade de ações médias para upar com exp do tier: 398.671875
[15:26:40] [Server thread/INFO]: Exp total para upar (qtd ações X xp média da ação) = 22212.097622500605
[15:26:40] [Server thread/INFO]: ------------------------------------------
[15:26:40] [Server thread/INFO]: LVL 50.0 - TIER 5.9
[15:26:40] [Server thread/INFO]: Media de XP por ação ou craft: 59.71411145835569
[15:26:40] [Server thread/INFO]: Quantidade de ações médias para upar com exp do tier: 398.671875
[15:26:40] [Server thread/INFO]: Exp total para upar (qtd ações X xp média da ação) = 23806.336779061647
[15:26:40] [Server thread/INFO]: ------------------------------------------
[15:26:40] [Server thread/INFO]: LVL 51.0 - TIER 6.0
[15:26:40] [Server thread/INFO]: Media de XP por ação ou craft: 64.0
[15:26:40] [Server thread/INFO]: Quantidade de ações médias para upar com exp do tier: 398.671875
[15:26:40] [Server thread/INFO]: Exp total para upar (qtd ações X xp média da ação) = 25515.0
[15:26:40] [Server thread/INFO]: ------------------------------------------
[15:26:40] [Server thread/INFO]: LVL 52.0 - TIER 6.1
[15:26:40] [Server thread/INFO]: Media de XP por ação ou craft: 68.59350160232275
[15:26:40] [Server thread/INFO]: Quantidade de ações médias para upar com exp do tier: 598.0078125
[15:26:40] [Server thread/INFO]: Exp total para upar (qtd ações X xp média da ação) = 41019.44984492027
[15:26:40] [Server thread/INFO]: ------------------------------------------
[15:26:40] [Server thread/INFO]: LVL 53.0 - TIER 6.2
[15:26:40] [Server thread/INFO]: Media de XP por ação ou craft: 73.51669471981025
[15:26:40] [Server thread/INFO]: Quantidade de ações médias para upar com exp do tier: 598.0078125
[15:26:40] [Server thread/INFO]: Exp total para upar (qtd ações X xp média da ação) = 43963.55779162403
[15:26:40] [Server thread/INFO]: ------------------------------------------
[15:26:40] [Server thread/INFO]: LVL 54.0 - TIER 6.3
[15:26:40] [Server thread/INFO]: Media de XP por ação ou craft: 78.79324245407463
[15:26:40] [Server thread/INFO]: Quantidade de ações médias para upar com exp do tier: 598.0078125
[15:26:40] [Server thread/INFO]: Exp total para upar (qtd ações X xp média da ação) = 47118.9745597433
[15:26:40] [Server thread/INFO]: ------------------------------------------
[15:26:40] [Server thread/INFO]: LVL 55.0 - TIER 6.4
[15:26:40] [Server thread/INFO]: Media de XP por ação ou craft: 84.44850628946526
[15:26:40] [Server thread/INFO]: Quantidade de ações médias para upar com exp do tier: 598.0078125
[15:26:40] [Server thread/INFO]: Exp total para upar (qtd ações X xp média da ação) = 50500.86651505561
[15:26:40] [Server thread/INFO]: ------------------------------------------
[15:26:40] [Server thread/INFO]: LVL 56.0 - TIER 6.5
[15:26:40] [Server thread/INFO]: Media de XP por ação ou craft: 90.50966799187809
[15:26:40] [Server thread/INFO]: Quantidade de ações médias para upar com exp do tier: 598.0078125
[15:26:40] [Server thread/INFO]: Exp total para upar (qtd ações X xp média da ação) = 54125.48856592429
[15:26:40] [Server thread/INFO]: ------------------------------------------
[15:26:40] [Server thread/INFO]: LVL 57.0 - TIER 6.6
[15:26:40] [Server thread/INFO]: Media de XP por ação ou craft: 97.00586025666546
[15:26:40] [Server thread/INFO]: Quantidade de ações médias para upar com exp do tier: 598.0078125
[15:26:40] [Server thread/INFO]: Exp total para upar (qtd ações X xp média da ação) = 58010.2622917692
[15:26:40] [Server thread/INFO]: ------------------------------------------
[15:26:40] [Server thread/INFO]: LVL 58.0 - TIER 6.7
[15:26:40] [Server thread/INFO]: Media de XP por ação ou craft: 103.96830673359815
[15:26:40] [Server thread/INFO]: Quantidade de ações médias para upar com exp do tier: 598.0078125
[15:26:40] [Server thread/INFO]: Exp total para upar (qtd ações X xp média da ação) = 62173.859679088055
[15:26:40] [Server thread/INFO]: ------------------------------------------
[15:26:40] [Server thread/INFO]: LVL 59.0 - TIER 6.8
[15:26:40] [Server thread/INFO]: Media de XP por ação ou craft: 111.43047210190387
[15:26:40] [Server thread/INFO]: Quantidade de ações médias para upar com exp do tier: 598.0078125
[15:26:40] [Server thread/INFO]: Exp total para upar (qtd ações X xp média da ação) = 66636.29286750182
[15:26:40] [Server thread/INFO]: ------------------------------------------
[15:26:40] [Server thread/INFO]: LVL 60.0 - TIER 6.9
[15:26:40] [Server thread/INFO]: Media de XP por ação ou craft: 119.42822291671138
[15:26:40] [Server thread/INFO]: Quantidade de ações médias para upar com exp do tier: 598.0078125
[15:26:40] [Server thread/INFO]: Exp total para upar (qtd ações X xp média da ação) = 71419.01033718494
[15:26:40] [Server thread/INFO]: ------------------------------------------
[15:26:40] [Server thread/INFO]: LVL 61.0 - TIER 7.0
[15:26:40] [Server thread/INFO]: Media de XP por ação ou craft: 128.0
[15:26:40] [Server thread/INFO]: Quantidade de ações médias para upar com exp do tier: 598.0078125
[15:26:40] [Server thread/INFO]: Exp total para upar (qtd ações X xp média da ação) = 76545.0
[15:26:40] [Server thread/INFO]: ------------------------------------------
[15:26:40] [Server thread/INFO]: LVL 62.0 - TIER 7.1
[15:26:40] [Server thread/INFO]: Media de XP por ação ou craft: 137.1870032046455
[15:26:40] [Server thread/INFO]: Quantidade de ações médias para upar com exp do tier: 897.01171875
[15:26:40] [Server thread/INFO]: Exp total para upar (qtd ações X xp média da ação) = 123058.34953476081
[15:26:40] [Server thread/INFO]: ------------------------------------------
[15:26:40] [Server thread/INFO]: LVL 63.0 - TIER 7.2
[15:26:40] [Server thread/INFO]: Media de XP por ação ou craft: 147.0333894396205
[15:26:40] [Server thread/INFO]: Quantidade de ações médias para upar com exp do tier: 897.01171875
[15:26:40] [Server thread/INFO]: Exp total para upar (qtd ações X xp média da ação) = 131890.67337487207
[15:26:40] [Server thread/INFO]: ------------------------------------------
[15:26:40] [Server thread/INFO]: LVL 64.0 - TIER 7.3
[15:26:40] [Server thread/INFO]: Media de XP por ação ou craft: 157.58648490814926
[15:26:40] [Server thread/INFO]: Quantidade de ações médias para upar com exp do tier: 897.01171875
[15:26:40] [Server thread/INFO]: Exp total para upar (qtd ações X xp média da ação) = 141356.9236792299
[15:26:40] [Server thread/INFO]: ------------------------------------------
[15:26:40] [Server thread/INFO]: LVL 65.0 - TIER 7.4
[15:26:40] [Server thread/INFO]: Media de XP por ação ou craft: 168.89701257893051
[15:26:40] [Server thread/INFO]: Quantidade de ações médias para upar com exp do tier: 897.01171875
[15:26:40] [Server thread/INFO]: Exp total para upar (qtd ações X xp média da ação) = 151502.59954516683
[15:26:40] [Server thread/INFO]: ------------------------------------------
[15:26:40] [Server thread/INFO]: LVL 66.0 - TIER 7.5
[15:26:40] [Server thread/INFO]: Media de XP por ação ou craft: 181.01933598375618
[15:26:40] [Server thread/INFO]: Quantidade de ações médias para upar com exp do tier: 897.01171875
[15:26:40] [Server thread/INFO]: Exp total para upar (qtd ações X xp média da ação) = 162376.46569777286
[15:26:40] [Server thread/INFO]: ------------------------------------------
[15:26:40] [Server thread/INFO]: LVL 67.0 - TIER 7.6
[15:26:40] [Server thread/INFO]: Media de XP por ação ou craft: 194.0117205133309
[15:26:40] [Server thread/INFO]: Quantidade de ações médias para upar com exp do tier: 897.01171875
[15:26:40] [Server thread/INFO]: Exp total para upar (qtd ações X xp média da ação) = 174030.7868753076
[15:26:40] [Server thread/INFO]: ------------------------------------------
[15:26:40] [Server thread/INFO]: LVL 68.0 - TIER 7.7
[15:26:40] [Server thread/INFO]: Media de XP por ação ou craft: 207.9366134671963
[15:26:40] [Server thread/INFO]: Quantidade de ações médias para upar com exp do tier: 897.01171875
[15:26:40] [Server thread/INFO]: Exp total para upar (qtd ações X xp média da ação) = 186521.57903726416
[15:26:40] [Server thread/INFO]: ------------------------------------------
[15:26:40] [Server thread/INFO]: LVL 69.0 - TIER 7.8
[15:26:40] [Server thread/INFO]: Media de XP por ação ou craft: 222.86094420380775
[15:26:40] [Server thread/INFO]: Quantidade de ações médias para upar com exp do tier: 897.01171875
[15:26:40] [Server thread/INFO]: Exp total para upar (qtd ações X xp média da ação) = 199908.87860250543
[15:26:40] [Server thread/INFO]: ------------------------------------------
[15:26:40] [Server thread/INFO]: LVL 70.0 - TIER 7.9
[15:26:40] [Server thread/INFO]: Media de XP por ação ou craft: 238.85644583342275
[15:26:40] [Server thread/INFO]: Quantidade de ações médias para upar com exp do tier: 897.01171875
[15:26:40] [Server thread/INFO]: Exp total para upar (qtd ações X xp média da ação) = 214257.03101155482
[15:26:40] [Server thread/INFO]: ------------------------------------------
[15:26:40] [Server thread/INFO]: LVL 71.0 - TIER 8.0
[15:26:40] [Server thread/INFO]: Media de XP por ação ou craft: 256.0
[15:26:40] [Server thread/INFO]: Quantidade de ações médias para upar com exp do tier: 897.01171875
[15:26:40] [Server thread/INFO]: Exp total para upar (qtd ações X xp média da ação) = 229635.0
[15:26:40] [Server thread/INFO]: ------------------------------------------
[15:26:40] [Server thread/INFO]: LVL 72.0 - TIER 8.1
[15:26:40] [Server thread/INFO]: Media de XP por ação ou craft: 274.374006409291
[15:26:40] [Server thread/INFO]: Quantidade de ações médias para upar com exp do tier: 1345.517578125
[15:26:40] [Server thread/INFO]: Exp total para upar (qtd ações X xp média da ação) = 369175.04860428243
[15:26:40] [Server thread/INFO]: ------------------------------------------
[15:26:40] [Server thread/INFO]: LVL 73.0 - TIER 8.2
[15:26:40] [Server thread/INFO]: Media de XP por ação ou craft: 294.0667788792408
[15:26:40] [Server thread/INFO]: Quantidade de ações médias para upar com exp do tier: 1345.517578125
[15:26:40] [Server thread/INFO]: Exp total para upar (qtd ações X xp média da ação) = 395672.020124616
[15:26:40] [Server thread/INFO]: ------------------------------------------
[15:26:40] [Server thread/INFO]: LVL 74.0 - TIER 8.3
[15:26:40] [Server thread/INFO]: Media de XP por ação ou craft: 315.17296981629875
[15:26:40] [Server thread/INFO]: Quantidade de ações médias para upar com exp do tier: 1345.517578125
[15:26:40] [Server thread/INFO]: Exp total para upar (qtd ações X xp média da ação) = 424070.77103769
[15:26:40] [Server thread/INFO]: ------------------------------------------
[15:26:40] [Server thread/INFO]: LVL 75.0 - TIER 8.4
[15:26:40] [Server thread/INFO]: Media de XP por ação ou craft: 337.79402515786103
[15:26:40] [Server thread/INFO]: Quantidade de ações médias para upar com exp do tier: 1345.517578125
[15:26:40] [Server thread/INFO]: Exp total para upar (qtd ações X xp média da ação) = 454507.7986355005
[15:26:40] [Server thread/INFO]: ------------------------------------------
[15:26:40] [Server thread/INFO]: LVL 76.0 - TIER 8.5
[15:26:40] [Server thread/INFO]: Media de XP por ação ou craft: 362.03867196751236
[15:26:40] [Server thread/INFO]: Quantidade de ações médias para upar com exp do tier: 1345.517578125
[15:26:40] [Server thread/INFO]: Exp total para upar (qtd ações X xp média da ação) = 487129.3970933186
[15:26:40] [Server thread/INFO]: ------------------------------------------
[15:26:40] [Server thread/INFO]: LVL 77.0 - TIER 8.6
[15:26:40] [Server thread/INFO]: Media de XP por ação ou craft: 388.0234410266618
[15:26:40] [Server thread/INFO]: Quantidade de ações médias para upar com exp do tier: 1345.517578125
[15:26:40] [Server thread/INFO]: Exp total para upar (qtd ações X xp média da ação) = 522092.3606259228
[15:26:40] [Server thread/INFO]: ------------------------------------------
[15:26:40] [Server thread/INFO]: LVL 78.0 - TIER 8.7
[15:26:40] [Server thread/INFO]: Media de XP por ação ou craft: 415.8732269343924
[15:26:40] [Server thread/INFO]: Quantidade de ações médias para upar com exp do tier: 1345.517578125
[15:26:40] [Server thread/INFO]: Exp total para upar (qtd ações X xp média da ação) = 559564.7371117922
[15:26:40] [Server thread/INFO]: ------------------------------------------
[15:26:40] [Server thread/INFO]: LVL 79.0 - TIER 8.8
[15:26:40] [Server thread/INFO]: Media de XP por ação ou craft: 445.7218884076158
[15:26:40] [Server thread/INFO]: Quantidade de ações médias para upar com exp do tier: 1345.517578125
[15:26:40] [Server thread/INFO]: Exp total para upar (qtd ações X xp média da ação) = 599726.6358075168
[15:26:40] [Server thread/INFO]: ------------------------------------------
[15:26:40] [Server thread/INFO]: LVL 80.0 - TIER 8.9
[15:26:40] [Server thread/INFO]: Media de XP por ação ou craft: 477.7128916668455
[15:26:40] [Server thread/INFO]: Quantidade de ações médias para upar com exp do tier: 1345.517578125
[15:26:40] [Server thread/INFO]: Exp total para upar (qtd ações X xp média da ação) = 642771.0930346645
[15:26:40] [Server thread/INFO]: ------------------------------------------
[15:26:40] [Server thread/INFO]: LVL 81.0 - TIER 9.0
[15:26:40] [Server thread/INFO]: Media de XP por ação ou craft: 512.0
[15:26:40] [Server thread/INFO]: Quantidade de ações médias para upar com exp do tier: 1345.517578125
[15:26:40] [Server thread/INFO]: Exp total para upar (qtd ações X xp média da ação) = 688905.0
[15:26:40] [Server thread/INFO]: ------------------------------------------
[15:26:40] [Server thread/INFO]: LVL 82.0 - TIER 9.1
[15:26:40] [Server thread/INFO]: Media de XP por ação ou craft: 548.748012818582
[15:26:40] [Server thread/INFO]: Quantidade de ações médias para upar com exp do tier: 2018.2763671875
[15:26:40] [Server thread/INFO]: Exp total para upar (qtd ações X xp média da ação) = 1107525.1458128472
[15:26:40] [Server thread/INFO]: ------------------------------------------
[15:26:40] [Server thread/INFO]: LVL 83.0 - TIER 9.2
[15:26:40] [Server thread/INFO]: Media de XP por ação ou craft: 588.1335577584816
[15:26:40] [Server thread/INFO]: Quantidade de ações médias para upar com exp do tier: 2018.2763671875
[15:26:40] [Server thread/INFO]: Exp total para upar (qtd ações X xp média da ação) = 1187016.060373848
[15:26:40] [Server thread/INFO]: ------------------------------------------
[15:26:40] [Server thread/INFO]: LVL 84.0 - TIER 9.3
[15:26:40] [Server thread/INFO]: Media de XP por ação ou craft: 630.3459396325975
[15:26:40] [Server thread/INFO]: Quantidade de ações médias para upar com exp do tier: 2018.2763671875
[15:26:40] [Server thread/INFO]: Exp total para upar (qtd ações X xp média da ação) = 1272212.31311307
[15:26:40] [Server thread/INFO]: ------------------------------------------
[15:26:40] [Server thread/INFO]: LVL 85.0 - TIER 9.4
[15:26:40] [Server thread/INFO]: Media de XP por ação ou craft: 675.5880503157221
[15:26:40] [Server thread/INFO]: Quantidade de ações médias para upar com exp do tier: 2018.2763671875
[15:26:40] [Server thread/INFO]: Exp total para upar (qtd ações X xp média da ação) = 1363523.3959065014
[15:26:40] [Server thread/INFO]: ------------------------------------------
[15:26:40] [Server thread/INFO]: LVL 86.0 - TIER 9.5
[15:26:40] [Server thread/INFO]: Media de XP por ação ou craft: 724.0773439350247
[15:26:40] [Server thread/INFO]: Quantidade de ações médias para upar com exp do tier: 2018.2763671875
[15:26:40] [Server thread/INFO]: Exp total para upar (qtd ações X xp média da ação) = 1461388.1912799557
[15:26:40] [Server thread/INFO]: ------------------------------------------
[15:26:40] [Server thread/INFO]: LVL 87.0 - TIER 9.6
[15:26:40] [Server thread/INFO]: Media de XP por ação ou craft: 776.0468820533237
[15:26:40] [Server thread/INFO]: Quantidade de ações médias para upar com exp do tier: 2018.2763671875
[15:26:40] [Server thread/INFO]: Exp total para upar (qtd ações X xp média da ação) = 1566277.0818777683
[15:26:40] [Server thread/INFO]: ------------------------------------------
[15:26:40] [Server thread/INFO]: LVL 88.0 - TIER 9.7
[15:26:40] [Server thread/INFO]: Media de XP por ação ou craft: 831.7464538687848
[15:26:40] [Server thread/INFO]: Quantidade de ações médias para upar com exp do tier: 2018.2763671875
[15:26:40] [Server thread/INFO]: Exp total para upar (qtd ações X xp média da ação) = 1678694.2113353766
[15:26:40] [Server thread/INFO]: ------------------------------------------
[15:26:40] [Server thread/INFO]: LVL 89.0 - TIER 9.8
[15:26:40] [Server thread/INFO]: Media de XP por ação ou craft: 891.4437768152316
[15:26:40] [Server thread/INFO]: Quantidade de ações médias para upar com exp do tier: 2018.2763671875
[15:26:40] [Server thread/INFO]: Exp total para upar (qtd ações X xp média da ação) = 1799179.90742255
[15:26:40] [Server thread/INFO]: ------------------------------------------
[15:26:40] [Server thread/INFO]: LVL 90.0 - TIER 9.9
[15:26:40] [Server thread/INFO]: Media de XP por ação ou craft: 955.425783333691
[15:26:40] [Server thread/INFO]: Quantidade de ações médias para upar com exp do tier: 2018.2763671875
[15:26:40] [Server thread/INFO]: Exp total para upar (qtd ações X xp média da ação) = 1928313.2791039934
[15:26:40] [Server thread/INFO]: ------------------------------------------
[15:26:40] [Server thread/INFO]: LVL 91.0 - TIER 10.0
[15:26:40] [Server thread/INFO]: Media de XP por ação ou craft: 1024.0
[15:26:40] [Server thread/INFO]: Quantidade de ações médias para upar com exp do tier: 2018.2763671875
[15:26:40] [Server thread/INFO]: Exp total para upar (qtd ações X xp média da ação) = 2066715.0
[15:26:40] [Server thread/INFO]: ------------------------------------------
[15:26:40] [Server thread/INFO]: LVL 92.0 - TIER 10.1
[15:26:40] [Server thread/INFO]: Media de XP por ação ou craft: 1097.496025637164
[15:26:40] [Server thread/INFO]: Quantidade de ações médias para upar com exp do tier: 3027.41455078125
[15:26:40] [Server thread/INFO]: Exp total para upar (qtd ações X xp média da ação) = 3322575.437438542
[15:26:40] [Server thread/INFO]: ------------------------------------------
[15:26:40] [Server thread/INFO]: LVL 93.0 - TIER 10.2
[15:26:40] [Server thread/INFO]: Media de XP por ação ou craft: 1176.2671155169633
[15:26:40] [Server thread/INFO]: Quantidade de ações médias para upar com exp do tier: 3027.41455078125
[15:26:40] [Server thread/INFO]: Exp total para upar (qtd ações X xp média da ação) = 3561048.181121544
[15:26:40] [Server thread/INFO]: ------------------------------------------
[15:26:40] [Server thread/INFO]: LVL 94.0 - TIER 10.3
[15:26:40] [Server thread/INFO]: Media de XP por ação ou craft: 1260.691879265195
[15:26:40] [Server thread/INFO]: Quantidade de ações médias para upar com exp do tier: 3027.41455078125
[15:26:40] [Server thread/INFO]: Exp total para upar (qtd ações X xp média da ação) = 3816636.9393392103
[15:26:40] [Server thread/INFO]: ------------------------------------------
[15:26:40] [Server thread/INFO]: LVL 95.0 - TIER 10.4
[15:26:40] [Server thread/INFO]: Media de XP por ação ou craft: 1351.1761006314441
[15:26:40] [Server thread/INFO]: Quantidade de ações médias para upar com exp do tier: 3027.41455078125
[15:26:40] [Server thread/INFO]: Exp total para upar (qtd ações X xp média da ação) = 4090570.1877195043
[15:26:40] [Server thread/INFO]: ------------------------------------------
[15:26:40] [Server thread/INFO]: LVL 96.0 - TIER 10.5
[15:26:40] [Server thread/INFO]: Media de XP por ação ou craft: 1448.1546878700494
[15:26:40] [Server thread/INFO]: Quantidade de ações médias para upar com exp do tier: 3027.41455078125
[15:26:40] [Server thread/INFO]: Exp total para upar (qtd ações X xp média da ação) = 4384164.573839867
[15:26:40] [Server thread/INFO]: ------------------------------------------
[15:26:40] [Server thread/INFO]: LVL 97.0 - TIER 10.6
[15:26:40] [Server thread/INFO]: Media de XP por ação ou craft: 1552.0937641066473
[15:26:40] [Server thread/INFO]: Quantidade de ações médias para upar com exp do tier: 3027.41455078125
[15:26:40] [Server thread/INFO]: Exp total para upar (qtd ações X xp média da ação) = 4698831.245633305
[15:26:40] [Server thread/INFO]: ------------------------------------------
[15:26:40] [Server thread/INFO]: LVL 98.0 - TIER 10.7
[15:26:40] [Server thread/INFO]: Media de XP por ação ou craft: 1663.4929077375696
[15:26:40] [Server thread/INFO]: Quantidade de ações médias para upar com exp do tier: 3027.41455078125
[15:26:40] [Server thread/INFO]: Exp total para upar (qtd ações X xp média da ação) = 5036082.63400613
[15:26:40] [Server thread/INFO]: ------------------------------------------
[15:26:40] [Server thread/INFO]: LVL 99.0 - TIER 10.8
[15:26:40] [Server thread/INFO]: Media de XP por ação ou craft: 1782.8875536304631
[15:26:40] [Server thread/INFO]: Quantidade de ações médias para upar com exp do tier: 3027.41455078125
[15:26:40] [Server thread/INFO]: Exp total para upar (qtd ações X xp média da ação) = 5397539.72226765
[15:26:40] [Server thread/INFO]: ------------------------------------------
[15:26:40] [Server thread/INFO]: LVL 100.0 - TIER 10.9
[15:26:40] [Server thread/INFO]: Media de XP por ação ou craft: 1910.851566667382
[15:26:40] [Server thread/INFO]: Quantidade de ações médias para upar com exp do tier: 3027.41455078125
[15:26:40] [Server thread/INFO]: Exp total para upar (qtd ações X xp média da ação) = 5784939.83731198
[15:26:40] [Server thread/INFO]: [Kom] Carregou custom potion Poção da Imortalidade !
[15:26:40] [Server thread/INFO]: [Kom] [DEBUG] tinha dano 0.0
[15:26:40] [Server thread/INFO]: [Kom] Carregou custom potion Antibiotico Fraco !
[15:26:40] [Server thread/INFO]: [Kom] [DEBUG] tinha dano 0.0
[15:26:40] [Server thread/INFO]: [Kom] Carregou custom potion Antibiotico !
[15:26:40] [Server thread/INFO]: [Kom] [DEBUG] tinha dano 0.0
[15:26:40] [Server thread/INFO]: [Kom] Carregou custom potion Antibiotico Forte !
[15:26:40] [Server thread/INFO]: [Kom] [DEBUG] tinha dano 0.0
[15:26:40] [Server thread/INFO]: [Kom] Carregou custom potion Poção de Explosão !
[15:26:40] [Server thread/INFO]: [Kom] [DEBUG] tinha dano 0.0
[15:26:40] [Server thread/INFO]: [Kom] Carregou custom potion Poção de Explosão Média !
[15:26:40] [Server thread/INFO]: [Kom] [DEBUG] tinha dano 0.0
[15:26:40] [Server thread/INFO]: [Kom] Carregou custom potion Poção de Explosão Forte !
[15:26:40] [Server thread/INFO]: [Kom] [DEBUG] tinha dano 0.0
[15:26:40] [Server thread/INFO]: [Kom] Carregou custom potion Poção de Escavação !
[15:26:40] [Server thread/INFO]: [Kom] [DEBUG] tinha dano 0.0
[15:26:40] [Server thread/INFO]: [Kom] Carregou custom potion Poção de Vida Fraca !
[15:26:40] [Server thread/INFO]: [Kom] [DEBUG] tinha dano 0.0
[15:26:40] [Server thread/INFO]: [Kom] Carregou custom potion Poção de Vida Média !
[15:26:40] [Server thread/INFO]: [Kom] [DEBUG] tinha dano 0.0
[15:26:40] [Server thread/INFO]: [Kom] Carregou custom potion Poção de Vida Forte !
[15:26:40] [Server thread/INFO]: [Kom] [DEBUG] tinha dano 0.0
[15:26:40] [Server thread/INFO]: [Kom] Carregou custom potion Poção de Cura Pegajosa !
[15:26:40] [Server thread/INFO]: [Kom] [DEBUG] tinha dano 0.0
[15:26:40] [Server thread/INFO]: [Kom] Carregou custom potion Poção de Mana Fraca !
[15:26:40] [Server thread/INFO]: [Kom] [DEBUG] tinha dano 0.0
[15:26:40] [Server thread/INFO]: [Kom] [DEBUG] tinha dano 0.0
[15:26:40] [Server thread/INFO]: [Kom] Carregou custom potion Poção de Mana Média !
[15:26:40] [Server thread/INFO]: [Kom] [DEBUG] tinha dano 0.0
[15:26:40] [Server thread/INFO]: [Kom] [DEBUG] tinha dano 0.0
[15:26:40] [Server thread/INFO]: [Kom] Carregou custom potion Poção de Mana Forte !
[15:26:40] [Server thread/INFO]: [Kom] [DEBUG] tinha dano 0.0
[15:26:40] [Server thread/INFO]: [Kom] [DEBUG] tinha dano 0.0
[15:26:40] [Server thread/INFO]: [Kom] Carregou custom potion Poção de Veneno Fraco !
[15:26:40] [Server thread/INFO]: [Kom] [DEBUG] tinha dano 0.0
[15:26:40] [Server thread/INFO]: [Kom] Carregou custom potion Poção de Veneno Médio !
[15:26:40] [Server thread/INFO]: [Kom] [DEBUG] tinha dano 0.0
[15:26:40] [Server thread/INFO]: [Kom] Carregou custom potion Poção de Veneno Pegajosa !
[15:26:40] [Server thread/INFO]: [Kom] [DEBUG] tinha dano 0.0
[15:26:40] [Server thread/INFO]: [Kom] Carregou custom potion Poção de Força !
[15:26:40] [Server thread/INFO]: [Kom] [DEBUG] tinha dano 0.0
[15:26:40] [Server thread/INFO]: [Kom] Carregou custom potion Poção de Força Pegajosa !
[15:26:40] [Server thread/INFO]: [Kom] [DEBUG] tinha dano 0.0
[15:26:40] [Server thread/INFO]: [Kom] Carregou custom potion Poção de Proteção Fraca !
[15:26:40] [Server thread/INFO]: [Kom] [DEBUG] tinha dano 0.0
[15:26:40] [Server thread/INFO]: [Kom] Carregou custom potion Poção de Proteção Media !
[15:26:40] [Server thread/INFO]: [Kom] [DEBUG] tinha dano 0.0
[15:26:40] [Server thread/INFO]: [Kom] Carregou custom potion Poção de Proteção Forte !
[15:26:40] [Server thread/INFO]: [Kom] [DEBUG] tinha dano 0.0
[15:26:40] [Server thread/INFO]: [Kom] Carregou custom potion Poção de Desaleceração Fraca !
[15:26:40] [Server thread/INFO]: [Kom] [DEBUG] tinha dano 0.0
[15:26:40] [Server thread/INFO]: [Kom] Carregou custom potion Poção de Desaleceração Forte !
[15:26:40] [Server thread/INFO]: [Kom] [DEBUG] tinha dano 0.0
[15:26:40] [Server thread/INFO]: [Kom] Carregou custom potion Poção de Stamina Fraca !
[15:26:40] [Server thread/INFO]: [Kom] [DEBUG] tinha dano 0.0
[15:26:40] [Server thread/INFO]: [Kom] Carregou custom potion Poção de Stamina Media !
[15:26:40] [Server thread/INFO]: [Kom] [DEBUG] tinha dano 0.0
[15:26:40] [Server thread/INFO]: [Kom] Carregou custom potion Poção de Stamina Forte !
[15:26:40] [Server thread/INFO]: [Kom] [DEBUG] tinha dano 0.0
[15:26:40] [Server thread/INFO]: [Kom] Carregou custom potion Poção de Velocidade Fraca !
[15:26:40] [Server thread/INFO]: [Kom] [DEBUG] tinha dano 0.0
[15:26:40] [Server thread/INFO]: [Kom] Carregou custom potion Poção de Velocidade Forte !
[15:26:40] [Server thread/INFO]: [Kom] [DEBUG] tinha dano 0.0
[15:26:40] [Server thread/INFO]: [Kom] Carregou custom potion Poção de Visão Noturna !
[15:26:40] [Server thread/INFO]: [Kom] [DEBUG] tinha dano 0.0
[15:26:40] [Server thread/INFO]: [Kom] Carregou custom potion Poção de Teias !
[15:26:40] [Server thread/INFO]: [Kom] [DEBUG] tinha dano 0.0
[15:26:40] [Server thread/INFO]: [Kom] Carregando receitas de crafting
[15:26:40] [Server thread/INFO]: [Kom] Carregou custom crafting Espadas de Ferro Aprimoradas !
[15:26:40] [Server thread/INFO]: [Kom] [DEBUG] tinha dano 0.0
[15:26:40] [Server thread/INFO]: [Kom] Carregou custom crafting Fooices de Ferro !
[15:26:40] [Server thread/INFO]: [Kom] [DEBUG] tinha dano 0.0
[15:26:40] [Server thread/INFO]: [Kom] Carregou custom crafting Machado de Ferro Aprimoradas !
[15:26:40] [Server thread/INFO]: [Kom] [DEBUG] tinha dano 0.0
[15:26:40] [Server thread/INFO]: [Kom] Carregou custom crafting Pá de Ferro Aprimoradas !
[15:26:40] [Server thread/INFO]: [Kom] [DEBUG] tinha dano 0.0
[15:26:40] [Server thread/INFO]: [Kom] Carregou custom crafting Picareta de Ferro !
[15:26:40] [Server thread/INFO]: [Kom] [DEBUG] tinha dano 0.0
[15:26:40] [Server thread/INFO]: [Kom] Carregou custom crafting Espadas de Ouro Aprimoradas !
[15:26:40] [Server thread/INFO]: [Kom] [DEBUG] tinha dano 0.0
[15:26:40] [Server thread/INFO]: [Kom] Carregou custom crafting Foices de Ouro Aprimoradas !
[15:26:40] [Server thread/INFO]: [Kom] [DEBUG] tinha dano 0.0
[15:26:40] [Server thread/INFO]: [Kom] Carregou custom crafting Machados de Ouro Aprimoradas !
[15:26:40] [Server thread/INFO]: [Kom] [DEBUG] tinha dano 0.0
[15:26:40] [Server thread/INFO]: [Kom] Carregou custom crafting Pás de Ouro Aprimoradas !
[15:26:40] [Server thread/INFO]: [Kom] [DEBUG] tinha dano 0.0
[15:26:40] [Server thread/INFO]: [Kom] Carregou custom crafting Picaretas de Ouro Aprimoradas !
[15:26:40] [Server thread/INFO]: [Kom] [DEBUG] tinha dano 0.0
[15:26:40] [Server thread/INFO]: [Kom] Carregou custom crafting Espada de Pedra Melhorada !
[15:26:40] [Server thread/INFO]: [Kom] [DEBUG] tinha dano 0.0
[15:26:40] [Server thread/INFO]: [Kom] Carregou custom crafting Pá de Pedra Melhorada !
[15:26:40] [Server thread/INFO]: [Kom] [DEBUG] tinha dano 0.0
[15:26:40] [Server thread/INFO]: [Kom] Carregou custom crafting Botas de Diamante !
[15:26:40] [Server thread/INFO]: [Kom] [DEBUG] tinha dano 0.0
[15:26:40] [Server thread/INFO]: [Kom] Carregou custom crafting Peitoral de Diamante !
[15:26:40] [Server thread/INFO]: [Kom] [DEBUG] tinha dano 0.0
[15:26:40] [Server thread/INFO]: [Kom] Carregou custom crafting Capacete de Diamante !
[15:26:40] [Server thread/INFO]: [Kom] [DEBUG] tinha dano 0.0
[15:26:40] [Server thread/INFO]: [Kom] Carregou custom crafting Calças de Diamante !
[15:26:40] [Server thread/INFO]: [Kom] [DEBUG] tinha dano 0.0
[15:26:40] [Server thread/INFO]: [Kom] Carregou custom crafting Botas de Ferro !
[15:26:40] [Server thread/INFO]: [Kom] [DEBUG] tinha dano 0.0
[15:26:40] [Server thread/INFO]: [Kom] Carregou custom crafting Peitoral de Ferro !
[15:26:40] [Server thread/INFO]: [Kom] [DEBUG] tinha dano 0.0
[15:26:40] [Server thread/INFO]: [Kom] Carregou custom crafting Capacete de Ferro !
[15:26:40] [Server thread/INFO]: [Kom] [DEBUG] tinha dano 0.0
[15:26:40] [Server thread/INFO]: [Kom] Carregou custom crafting Calças de Ferro !
[15:26:40] [Server thread/INFO]: [Kom] [DEBUG] tinha dano 0.0
[15:26:40] [Server thread/INFO]: [Kom] 
[15:26:40] [Server thread/INFO]: [Kom] COMANDOS CARREGADOS: 
[15:26:40] [Server thread/INFO]: [Kom] /kom2 
[15:26:40] [Server thread/INFO]: [Kom] 
[15:26:40] [Server thread/INFO]: [Kom] 
[15:26:40] [Server thread/INFO]: [Kom] COMANDOS CARREGADOS: 
[15:26:40] [Server thread/INFO]: [Kom] 
[15:26:40] [Server thread/INFO]: [Kom] 
[15:26:40] [Server thread/INFO]: [Kom] Listening for Citizens NPC deaths
[15:26:40] [Server thread/INFO]: [Kom] Listening for Dispensers
[15:26:40] [Server thread/INFO]: [Kom] Listening for Mob deaths w/ MultiWorld support and WorldGuard Regions
[15:26:40] [Server thread/INFO]: [Kom] Listening for Mob spawns w/ MultiWorld support and WorldGuard Regions
[15:26:40] [Server thread/INFO]: [Kom] Listening for Players fishing
[15:26:40] [Server thread/INFO]: [Kom] Load config PL
[15:26:40] [Server thread/INFO]: [Kom] LINKABLE: CHEST
[15:26:40] [Server thread/INFO]: [Kom] LINKABLE: TRAPPED_CHEST
[15:26:40] [Server thread/INFO]: [Kom] LINKABLE: ENDER_CHEST
[15:26:40] [Server thread/INFO]: [Kom] LINKABLE: DISPENSER
[15:26:40] [Server thread/INFO]: [Kom] LINKABLE: DROPPER
[15:26:40] [Server thread/INFO]: [Kom] LINKABLE: BOOKSHELF
[15:26:41] [Server thread/INFO]: [Kom] LOJA AGRICOLA CONFIGURADA
[15:26:41] [Server thread/INFO]: [Kom] Attempting to Connect to Database: kom
[15:26:41] [Server thread/INFO]: [Kom] [DEBUG] tinha dano 0.0
[15:26:41] [Server thread/INFO]: [Kom] [DEBUG] tinha dano 0.0
[15:26:41] [Server thread/INFO]: [Kom] [DEBUG] tinha dano 0.0
[15:26:41] [Server thread/INFO]: [Kom] [DEBUG] tinha dano 0.0
[15:26:41] [Server thread/INFO]: [Kom] [DEBUG] tinha dano 0.0
[15:26:41] [Server thread/INFO]: [Kom] [DEBUG] tinha dano 0.0
[15:26:41] [Server thread/INFO]: [Kom] [DEBUG] tinha dano 0.0
[15:26:41] [Server thread/INFO]: [Kom] [DEBUG] tinha dano 3.5
[15:26:41] [Server thread/INFO]: [Kom] [DEBUG] Adicionando dano
[15:26:41] [Server thread/INFO]: [Kom] [DEBUG] tinha dano 0.0
[15:26:41] [Server thread/INFO]: [Kom] [DEBUG] tinha dano 0.0
[15:26:41] [Server thread/INFO]: [Kom] [DEBUG] tinha dano 3.5
[15:26:41] [Server thread/INFO]: [Kom] [DEBUG] Adicionando dano
[15:26:41] [Server thread/INFO]: [Kom] [DEBUG] tinha dano 0.0
[15:26:41] [Server thread/INFO]: [Kom] [DEBUG] tinha dano 0.0
[15:26:41] [Server thread/INFO]: [Kom] ╭╮╭━╮╱╱╭━╮╭━╮╭━━━╮╱╱╭╮
[15:26:41] [Server thread/INFO]: [Kom] ┃┃┃╭╯╱╱┃┃╰╯┃┃┃╭━╮┃╱╱┃┃
[15:26:41] [Server thread/INFO]: [Kom] ┃╰╯╯╭━━┫╭╮╭╮┃┃┃╱┃┣━╮┃┃╭┳━╮╭━━╮
[15:26:41] [Server thread/INFO]: [Kom] ┃╭╮┃┃╭╮┃┃┃┃┃┃┃┃╱┃┃╭╮┫┃┣┫╭╮┫┃━┫
[15:26:41] [Server thread/INFO]: [Kom] ┃┃┃╰┫╰╯┃┃┃┃┃┃┃╰━╯┃┃┃┃╰┫┃┃┃┃┃━┫
[15:26:41] [Server thread/INFO]: [Kom] ╰╯╰━┻━━┻╯╰╯╰╯╰━━━┻╯╰┻━┻┻╯╰┻━━╯
[15:26:41] [Server thread/INFO]: Arena 2x2 LOADED
[15:26:41] [Server thread/INFO]: [MythicMobs] Enabling MythicMobs v4.4.1
[15:26:41] [Server thread/INFO]: [MythicMobs] Loading MythicMobs for Bukkit v1_12_R1 (Minecraft 1.12)...
[15:26:41] [Server thread/INFO]: [MythicMobs] MythicMobs mcMMO Support has been enabled!
[15:26:41] [Server thread/INFO]: [MythicMobs] MythicMobs Vault Support has been enabled!
[15:26:41] [Server thread/INFO]: [MythicMobs] MythicMobs WorldGuard Support has been enabled!
[15:26:41] [Server thread/INFO]: [MythicMobs] Loaded 5 mobs.
[15:26:41] [Server thread/INFO]: [MythicMobs] Loaded 3 vanilla mob overrides.
[15:26:41] [Server thread/INFO]: [MythicMobs] Loaded 0 mob stacks.
[15:26:41] [Server thread/INFO]: [MythicMobs] Loaded 3 skills.
[15:26:41] [Server thread/INFO]: [MythicMobs] Loaded 2 random spawns.
[15:26:41] [Server thread/INFO]: [MythicMobs] Loaded 3 mythic items.
[15:26:41] [Server thread/INFO]: [MythicMobs] Loaded 1 drop tables.
[15:26:41] [Server thread/INFO]: [MythicMobs] Loaded 0 mob spawners.
[15:26:41] [Server thread/INFO]: [MythicMobs] MythicMobs configuration file loaded successfully.
[15:26:41] [Server thread/INFO]: [MythicMobs] Started up bStats Metrics
[15:26:41] [Server thread/INFO]: [MythicMobs] v4.4.1 has been successfully loaded!
[15:26:41] [Server thread/INFO]: [Quests] Enabling Quests v2.9.7-b${env.BUILD_NUMBER}
[15:26:41] [Server thread/WARN]: [Quests] Economy not found.
[15:26:41] [Server thread/WARN]: [Quests] Could not save quests.yml to plugins/Quests/quests.yml because quests.yml already exists.
[15:26:41] [Server thread/WARN]: [Quests] Could not save events.yml to plugins/Quests/events.yml because events.yml already exists.
[15:26:41] [Server thread/WARN]: [Quests] Could not save data.yml to plugins/Quests/data.yml because data.yml already exists.
[15:26:41] [Server thread/INFO]: Done (11.284s)! For help, type "help" or "?"
[15:26:41] [Server thread/WARN]: [SimplyVanish] Task #9 for SimplyVanish v1.3.0 generated an exception
java.lang.NoSuchMethodError: org.bukkit.Server.getOnlinePlayers()[Lorg/bukkit/entity/Player;
	at me.asofold.bpl.simplyvanish.SimplyVanish.updateAllPlayers(SimplyVanish.java:146) ~[?:?]
	at me.asofold.bpl.simplyvanish.SimplyVanish.access$0(SimplyVanish.java:145) ~[?:?]
	at me.asofold.bpl.simplyvanish.SimplyVanish$1.run(SimplyVanish.java:135) ~[?:?]
	at org.bukkit.craftbukkit.v1_12_R1.scheduler.CraftTask.run(CraftTask.java:76) ~[spigot-1.12.2.jar:git-Spigot-79a30d7-f4830a1]
	at org.bukkit.craftbukkit.v1_12_R1.scheduler.CraftScheduler.mainThreadHeartbeat(CraftScheduler.java:361) [spigot-1.12.2.jar:git-Spigot-79a30d7-f4830a1]
	at net.minecraft.server.v1_12_R1.MinecraftServer.D(MinecraftServer.java:739) [spigot-1.12.2.jar:git-Spigot-79a30d7-f4830a1]
	at net.minecraft.server.v1_12_R1.DedicatedServer.D(DedicatedServer.java:406) [spigot-1.12.2.jar:git-Spigot-79a30d7-f4830a1]
	at net.minecraft.server.v1_12_R1.MinecraftServer.C(MinecraftServer.java:679) [spigot-1.12.2.jar:git-Spigot-79a30d7-f4830a1]
	at net.minecraft.server.v1_12_R1.MinecraftServer.run(MinecraftServer.java:577) [spigot-1.12.2.jar:git-Spigot-79a30d7-f4830a1]
	at java.lang.Thread.run(Thread.java:750) [?:1.8.0_472]
[15:26:41] [Server thread/WARN]: [SimpleClans] Error registering provider WorldGuardProvider
[15:26:41] [Server thread/INFO]: [SimpleClans] Registered WorldGuard6Provider successfully
[15:26:41] [Server thread/INFO]: [Citizens] Loaded 0 NPCs.
[15:26:41] [Craft Scheduler Thread - 6/INFO]: [Vault] Checking for Updates ... 
[15:26:41] [Craft Scheduler Thread - 6/INFO]: [Vault] No new version available
[15:26:41] [Server thread/INFO]: [Quests] 0 Quest(s) loaded.
[15:26:41] [Server thread/INFO]: [Quests] 5 Event(s) loaded.
[15:26:41] [Server thread/INFO]: [Quests] 850 Phrase(s) loaded.
[15:26:42] [Craft Scheduler Thread - 1/INFO]: [SimpleClans] You're running an outdated version (2.16.2).
[15:26:42] [Craft Scheduler Thread - 1/INFO]: [SimpleClans] The latest version is 2.19.2. Download it at:
[15:26:42] [Craft Scheduler Thread - 1/INFO]: [SimpleClans] https://www.spigotmc.org/resources/simpleclans.71242/
[15:26:42] [Server thread/INFO]: [Kom] !!!!!!!!  CARREGANDO BLOCOS DE COMANDO !!!!!
[15:26:42] [Server thread/INFO]: [Kom] Carreguei 0 blocos de comando
[15:26:46] [Server thread/INFO]: §3DATABASE
[15:39:53] [Server thread/INFO]: Stopping the server
[15:39:53] [Server thread/INFO]: Stopping server
[15:39:53] [Server thread/INFO]: [Quests] Disabling Quests v2.9.7-b${env.BUILD_NUMBER}
[15:39:53] [Server thread/INFO]: [Quests] Saving Quester data.
[15:39:53] [Server thread/INFO]: [MythicMobs] Disabling MythicMobs v4.4.1
[15:39:53] [Server thread/INFO]: [MythicMobs] Disabling Mythic Mobs...
[15:39:53] [Server thread/INFO]: [MythicMobs] All active settings have been saved.
[15:39:53] [Server thread/INFO]: [MythicMobs] v4.4.1 has been Disabled!
[15:39:53] [Server thread/INFO]: [Kom] Disabling Kom v5
[15:39:53] [Server thread/INFO]: [Kom] FEXANDO AS TAKS !!!!!!!!!!!!!!!!!!!!!!!!!!
[15:39:53] [Server thread/INFO]: [Kom] FEXANDO AS TAKS !!!!!!!!!!!!!!!!!!!!!!!!!!
[15:39:53] [Server thread/INFO]: [Kom] FEXANDO AS TAKS !!!!!!!!!!!!!!!!!!!!!!!!!!
[15:39:53] [Server thread/INFO]: [Kom] Fexando task : 26
[15:39:53] [Server thread/INFO]: [Kom] Fexando task : 27
[15:39:53] [Server thread/INFO]: [Kom] Fexando task : 28
[15:39:53] [Server thread/INFO]: [Kom] Fexando task : 29
[15:39:53] [Server thread/INFO]: [Kom] Fexando task : 30
[15:39:53] [Server thread/INFO]: [Kom] Fexando task : 31
[15:39:53] [Server thread/INFO]: [Kom] Fexando task : 32
[15:39:53] [Server thread/INFO]: [Kom] Fexando task : 33
[15:39:53] [Server thread/INFO]: [Kom] Fexando task : 35
[15:39:53] [Server thread/INFO]: [Kom] Fexando task : 36
[15:39:53] [Server thread/INFO]: [Kom] Fexando task : 37
[15:39:53] [Server thread/INFO]: [Kom] Fexando task : 38
[15:39:53] [Server thread/INFO]: [Kom] Fexando task : 39
[15:39:53] [Server thread/INFO]: [Kom] Fexando task : 40
[15:39:53] [Server thread/INFO]: [Kom] Fexando task : 42
[15:39:53] [Server thread/INFO]: [Kom] Fexando task : 44
[15:39:53] [Server thread/INFO]: [Kom] Fexando task : 45
[15:39:53] [Server thread/INFO]: [Kom] ----- SALVANDO COISAS ------
[15:39:53] [Thread-11/INFO]: sleep interrupted
[15:39:53] [Thread-11/WARN]: java.lang.InterruptedException: sleep interrupted
[15:39:53] [Thread-11/WARN]: 	at java.lang.Thread.sleep(Native Method)
[15:39:53] [Thread-11/WARN]: 	at nativelevel.ArenaGuilda2x2.MatchMaking.run(MatchMaking.java:29)
[15:39:53] [Server thread/INFO]: [Kom] Salvando estatisticas
[15:39:53] [Server thread/INFO]: [Kom] Estatisticas salvas
[15:39:53] [Server thread/INFO]: Updade não efetuado!
[15:39:53] [Server thread/INFO]: /mnt/c/Users/krist/Documents/work/KnightsOfMinecraft/server/plugins/Kom/KomAtualizado.jar
[15:39:53] [Server thread/INFO]: /mnt/c/Users/krist/Documents/work/KnightsOfMinecraft/server/plugins/KomAtualizado.jar
[15:39:53] [Server thread/INFO]: Updade não efetuado!
[15:39:53] [Server thread/INFO]: /mnt/c/Users/krist/Documents/work/KnightsOfMinecraft/server/plugins/Kom/KomQuista.jar
[15:39:53] [Server thread/INFO]: /mnt/c/Users/krist/Documents/work/KnightsOfMinecraft/server/plugins/KomQuista.jar
[15:39:53] [Server thread/INFO]: Updade não efetuado!
[15:39:53] [Server thread/INFO]: /mnt/c/Users/krist/Documents/work/KnightsOfMinecraft/server/plugins/Kom/ArenaKom.jar
[15:39:53] [Server thread/INFO]: /mnt/c/Users/krist/Documents/work/KnightsOfMinecraft/server/plugins/ArenaKom.jar
[15:39:53] [Server thread/INFO]: [PlayEffect] Disabling PlayEffect v0.5.4
[15:39:53] [Server thread/INFO]: [Citizens] Disabling Citizens v2.0.22-SNAPSHOT (build 1552)
[15:39:53] [Server thread/INFO]: [BannerMaker] Disabling BannerMaker v1.7.0
[15:39:53] [Server thread/INFO]: [SimpleClans] Disabling SimpleClans v2.16.2-51f82ba
[15:39:53] [Server thread/INFO]: [WorldGuard] Disabling WorldGuard v6.2.2-SNAPSHOT;8eeab68
[15:39:53] [Server thread/INFO]: [WorldGuard] Shutting down executor and waiting for any pending tasks...
[15:39:53] [Server thread/INFO]: [Vault] Disabling Vault v1.7.3-b131
[15:39:53] [Server thread/INFO]: [mcMMO] Disabling mcMMO v1.5.10-SNAPSHOT
[15:39:53] [Server thread/INFO]: [SimplyVanish] Disabling SimplyVanish v1.3.0
[15:39:53] [Server thread/INFO]: [SimplyVanish] Disabled.
[15:39:53] [Server thread/INFO]: [PermissionsEx] Disabling PermissionsEx v1.23.4
[15:39:53] [Server thread/INFO]: WEPIF: PermissionsEx detected! Using PermissionsEx for permissions.
[15:39:53] [Server thread/INFO]: [WorldEdit] Disabling WorldEdit v6.1.9;caf0ad9
[15:39:53] [Server thread/INFO]: Saving players
[15:39:53] [Server thread/INFO]: Saving worlds
[15:39:53] [Server thread/INFO]: Saving chunks for level 'world'/overworld
[15:39:53] [Server thread/INFO]: Saving chunks for level 'world_nether'/the_nether
[15:39:53] [Server thread/INFO]: Saving chunks for level 'world_the_end'/the_end
